Archive member included to satisfy reference by file (symbol)

c:/st/stm32cubeide_1.12.0/stm32cubeide/plugins/com.st.stm32cube.ide.mcu.externaltools.gnu-tools-for-stm32.10.3-2021.10.win32_1.0.200.202301161003/tools/bin/../lib/gcc/arm-none-eabi/10.3.1/../../../../arm-none-eabi/lib/thumb/v7-m/nofp\libc_nano.a(lib_a-errno.o)
                              ./Core/Src/syscalls.o (__errno)
c:/st/stm32cubeide_1.12.0/stm32cubeide/plugins/com.st.stm32cube.ide.mcu.externaltools.gnu-tools-for-stm32.10.3-2021.10.win32_1.0.200.202301161003/tools/bin/../lib/gcc/arm-none-eabi/10.3.1/../../../../arm-none-eabi/lib/thumb/v7-m/nofp\libc_nano.a(lib_a-exit.o)
                              c:/st/stm32cubeide_1.12.0/stm32cubeide/plugins/com.st.stm32cube.ide.mcu.externaltools.gnu-tools-for-stm32.10.3-2021.10.win32_1.0.200.202301161003/tools/bin/../lib/gcc/arm-none-eabi/10.3.1/../../../../arm-none-eabi/lib/thumb/v7-m/nofp/crt0.o (exit)
c:/st/stm32cubeide_1.12.0/stm32cubeide/plugins/com.st.stm32cube.ide.mcu.externaltools.gnu-tools-for-stm32.10.3-2021.10.win32_1.0.200.202301161003/tools/bin/../lib/gcc/arm-none-eabi/10.3.1/../../../../arm-none-eabi/lib/thumb/v7-m/nofp\libc_nano.a(lib_a-impure.o)
                              c:/st/stm32cubeide_1.12.0/stm32cubeide/plugins/com.st.stm32cube.ide.mcu.externaltools.gnu-tools-for-stm32.10.3-2021.10.win32_1.0.200.202301161003/tools/bin/../lib/gcc/arm-none-eabi/10.3.1/../../../../arm-none-eabi/lib/thumb/v7-m/nofp\libc_nano.a(lib_a-exit.o) (_global_impure_ptr)
c:/st/stm32cubeide_1.12.0/stm32cubeide/plugins/com.st.stm32cube.ide.mcu.externaltools.gnu-tools-for-stm32.10.3-2021.10.win32_1.0.200.202301161003/tools/bin/../lib/gcc/arm-none-eabi/10.3.1/../../../../arm-none-eabi/lib/thumb/v7-m/nofp\libc_nano.a(lib_a-init.o)
                              c:/st/stm32cubeide_1.12.0/stm32cubeide/plugins/com.st.stm32cube.ide.mcu.externaltools.gnu-tools-for-stm32.10.3-2021.10.win32_1.0.200.202301161003/tools/bin/../lib/gcc/arm-none-eabi/10.3.1/../../../../arm-none-eabi/lib/thumb/v7-m/nofp/crt0.o (__libc_init_array)
c:/st/stm32cubeide_1.12.0/stm32cubeide/plugins/com.st.stm32cube.ide.mcu.externaltools.gnu-tools-for-stm32.10.3-2021.10.win32_1.0.200.202301161003/tools/bin/../lib/gcc/arm-none-eabi/10.3.1/../../../../arm-none-eabi/lib/thumb/v7-m/nofp\libc_nano.a(lib_a-memcpy-stub.o)
                              ./Core/Src/disp1color.o (memcpy)
c:/st/stm32cubeide_1.12.0/stm32cubeide/plugins/com.st.stm32cube.ide.mcu.externaltools.gnu-tools-for-stm32.10.3-2021.10.win32_1.0.200.202301161003/tools/bin/../lib/gcc/arm-none-eabi/10.3.1/../../../../arm-none-eabi/lib/thumb/v7-m/nofp\libc_nano.a(lib_a-memset.o)
                              c:/st/stm32cubeide_1.12.0/stm32cubeide/plugins/com.st.stm32cube.ide.mcu.externaltools.gnu-tools-for-stm32.10.3-2021.10.win32_1.0.200.202301161003/tools/bin/../lib/gcc/arm-none-eabi/10.3.1/../../../../arm-none-eabi/lib/thumb/v7-m/nofp/crt0.o (memset)
c:/st/stm32cubeide_1.12.0/stm32cubeide/plugins/com.st.stm32cube.ide.mcu.externaltools.gnu-tools-for-stm32.10.3-2021.10.win32_1.0.200.202301161003/tools/bin/../lib/gcc/arm-none-eabi/10.3.1/../../../../arm-none-eabi/lib/thumb/v7-m/nofp\libc_nano.a(lib_a-printf.o)
                              ./Core/Src/disp1color.o (printf)
c:/st/stm32cubeide_1.12.0/stm32cubeide/plugins/com.st.stm32cube.ide.mcu.externaltools.gnu-tools-for-stm32.10.3-2021.10.win32_1.0.200.202301161003/tools/bin/../lib/gcc/arm-none-eabi/10.3.1/../../../../arm-none-eabi/lib/thumb/v7-m/nofp\libc_nano.a(lib_a-strlen.o)
                              ./Core/Src/stm32f1xx_it.o (strlen)
c:/st/stm32cubeide_1.12.0/stm32cubeide/plugins/com.st.stm32cube.ide.mcu.externaltools.gnu-tools-for-stm32.10.3-2021.10.win32_1.0.200.202301161003/tools/bin/../lib/gcc/arm-none-eabi/10.3.1/../../../../arm-none-eabi/lib/thumb/v7-m/nofp\libc_nano.a(lib_a-vsnprintf.o)
                              ./Core/Src/disp1color.o (vsnprintf)
c:/st/stm32cubeide_1.12.0/stm32cubeide/plugins/com.st.stm32cube.ide.mcu.externaltools.gnu-tools-for-stm32.10.3-2021.10.win32_1.0.200.202301161003/tools/bin/../lib/gcc/arm-none-eabi/10.3.1/../../../../arm-none-eabi/lib/thumb/v7-m/nofp\libc_nano.a(lib_a-findfp.o)
                              c:/st/stm32cubeide_1.12.0/stm32cubeide/plugins/com.st.stm32cube.ide.mcu.externaltools.gnu-tools-for-stm32.10.3-2021.10.win32_1.0.200.202301161003/tools/bin/../lib/gcc/arm-none-eabi/10.3.1/../../../../arm-none-eabi/lib/thumb/v7-m/nofp\libc_nano.a(lib_a-printf.o) (__sinit)
c:/st/stm32cubeide_1.12.0/stm32cubeide/plugins/com.st.stm32cube.ide.mcu.externaltools.gnu-tools-for-stm32.10.3-2021.10.win32_1.0.200.202301161003/tools/bin/../lib/gcc/arm-none-eabi/10.3.1/../../../../arm-none-eabi/lib/thumb/v7-m/nofp\libc_nano.a(lib_a-fwalk.o)
[...]
Memory Configuration

Name             Origin             Length             Attributes
RAM              0x0000000020000000 0x0000000000005000 xrw
FLASH            0x0000000008000000 0x0000000000010000 xr
*default*        0x0000000000000000 0xffffffffffffffff

Linker script and memory map

LOAD c:/st/stm32cubeide_1.12.0/stm32cubeide/plugins/com.st.stm32cube.ide.mcu.externaltools.gnu-tools-for-stm32.10.3-2021.10.win32_1.0.200.202301161003/tools/bin/../lib/gcc/arm-none-eabi/10.3.1/thumb/v7-m/nofp/crti.o
LOAD c:/st/stm32cubeide_1.12.0/stm32cubeide/plugins/com.st.stm32cube.ide.mcu.externaltools.gnu-tools-for-stm32.10.3-2021.10.win32_1.0.200.202301161003/tools/bin/../lib/gcc/arm-none-eabi/10.3.1/thumb/v7-m/nofp/crtbegin.o
LOAD c:/st/stm32cubeide_1.12.0/stm32cubeide/plugins/com.st.stm32cube.ide.mcu.externaltools.gnu-tools-for-stm32.10.3-2021.10.win32_1.0.200.202301161003/tools/bin/../lib/gcc/arm-none-eabi/10.3.1/../../../../arm-none-eabi/lib/thumb/v7-m/nofp/crt0.o
LOAD ./Core/Src/disp1color.o
LOAD ./Core/Src/f10x16f.o
LOAD ./Core/Src/f6x8m.o
LOAD ./Core/Src/font.o
LOAD ./Core/Src/main.o
LOAD ./Core/Src/stm32f1xx_hal_msp.o
LOAD ./Core/Src/stm32f1xx_it.o
LOAD ./Core/Src/syscalls.o
LOAD ./Core/Src/sysmem.o
LOAD ./Core/Src/system_stm32f1xx.o
LOAD ./Core/Startup/startup_stm32f103c8tx.o
LOAD ./Drivers/STM32F1xx_HAL_Driver/Src/stm32f1xx_hal.o
LOAD ./Drivers/STM32F1xx_HAL_Driver/Src/stm32f1xx_hal_cortex.o
LOAD ./Drivers/STM32F1xx_HAL_Driver/Src/stm32f1xx_hal_dma.o
LOAD ./Drivers/STM32F1xx_HAL_Driver/Src/stm32f1xx_hal_exti.o
LOAD ./Drivers/STM32F1xx_HAL_Driver/Src/stm32f1xx_hal_flash.o
LOAD ./Drivers/STM32F1xx_HAL_Driver/Src/stm32f1xx_hal_flash_ex.o
LOAD ./Drivers/STM32F1xx_HAL_Driver/Src/stm32f1xx_hal_gpio.o
LOAD ./Drivers/STM32F1xx_HAL_Driver/Src/stm32f1xx_hal_gpio_ex.o
LOAD ./Drivers/STM32F1xx_HAL_Driver/Src/stm32f1xx_hal_pcd.o
LOAD ./Drivers/STM32F1xx_HAL_Driver/Src/stm32f1xx_hal_pcd_ex.o
LOAD ./Drivers/STM32F1xx_HAL_Driver/Src/stm32f1xx_hal_pwr.o
LOAD ./Drivers/STM32F1xx_HAL_Driver/Src/stm32f1xx_hal_rcc.o
LOAD ./Drivers/STM32F1xx_HAL_Driver/Src/stm32f1xx_hal_rcc_ex.o
LOAD ./Drivers/STM32F1xx_HAL_Driver/Src/stm32f1xx_hal_spi.o
LOAD ./Drivers/STM32F1xx_HAL_Driver/Src/stm32f1xx_hal_tim.o
LOAD ./Drivers/STM32F1xx_HAL_Driver/Src/stm32f1xx_hal_tim_ex.o
LOAD ./Drivers/STM32F1xx_HAL_Driver/Src/stm32f1xx_ll_usb.o
LOAD ./Middlewares/ST/STM32_USB_Device_Library/Class/CDC/Src/usbd_cdc.o
LOAD ./Middlewares/ST/STM32_USB_Device_Library/Core/Src/usbd_core.o
LOAD ./Middlewares/ST/STM32_USB_Device_Library/Core/Src/usbd_ctlreq.o
LOAD ./Middlewares/ST/STM32_USB_Device_Library/Core/Src/usbd_ioreq.o
LOAD ./USB_DEVICE/App/usb_device.o
LOAD ./USB_DEVICE/App/usbd_cdc_if.o
LOAD ./USB_DEVICE/App/usbd_desc.o
LOAD ./USB_DEVICE/Target/usbd_conf.o
START GROUP
LOAD c:/st/stm32cubeide_1.12.0/stm32cubeide/plugins/com.st.stm32cube.ide.mcu.externaltools.gnu-tools-for-stm32.10.3-2021.10.win32_1.0.200.202301161003/tools/bin/../lib/gcc/arm-none-eabi/10.3.1/../../../../arm-none-eabi/lib/thumb/v7-m/nofp\libc_nano.a
LOAD c:/st/stm32cubeide_1.12.0/stm32cubeide/plugins/com.st.stm32cube.ide.mcu.externaltools.gnu-tools-for-stm32.10.3-2021.10.win32_1.0.200.202301161003/tools/bin/../lib/gcc/arm-none-eabi/10.3.1/../../../../arm-none-eabi/lib/thumb/v7-m/nofp\libm.a
END GROUP
START GROUP
LOAD c:/st/stm32cubeide_1.12.0/stm32cubeide/plugins/com.st.stm32cube.ide.mcu.externaltools.gnu-tools-for-stm32.10.3-2021.10.win32_1.0.200.202301161003/tools/bin/../lib/gcc/arm-none-eabi/10.3.1/thumb/v7-m/nofp\libgcc.a
LOAD c:/st/stm32cubeide_1.12.0/stm32cubeide/plugins/com.st.stm32cube.ide.mcu.externaltools.gnu-tools-for-stm32.10.3-2021.10.win32_1.0.200.202301161003/tools/bin/../lib/gcc/arm-none-eabi/10.3.1/../../../../arm-none-eabi/lib/thumb/v7-m/nofp\libc_nano.a
END GROUP
START GROUP
LOAD c:/st/stm32cubeide_1.12.0/stm32cubeide/plugins/com.st.stm32cube.ide.mcu.externaltools.gnu-tools-for-stm32.10.3-2021.10.win32_1.0.200.202301161003/tools/bin/../lib/gcc/arm-none-eabi/10.3.1/thumb/v7-m/nofp\libgcc.a
LOAD c:/st/stm32cubeide_1.12.0/stm32cubeide/plugins/com.st.stm32cube.ide.mcu.externaltools.gnu-tools-for-stm32.10.3-2021.10.win32_1.0.200.202301161003/tools/bin/../lib/gcc/arm-none-eabi/10.3.1/../../../../arm-none-eabi/lib/thumb/v7-m/nofp\libc_nano.a
LOAD c:/st/stm32cubeide_1.12.0/stm32cubeide/plugins/com.st.stm32cube.ide.mcu.externaltools.gnu-tools-for-stm32.10.3-2021.10.win32_1.0.200.202301161003/tools/bin/../lib/gcc/arm-none-eabi/10.3.1/../../../../arm-none-eabi/lib/thumb/v7-m/nofp\libnosys.a
END GROUP
START GROUP
LOAD c:/st/stm32cubeide_1.12.0/stm32cubeide/plugins/com.st.stm32cube.ide.mcu.externaltools.gnu-tools-for-stm32.10.3-2021.10.win32_1.0.200.202301161003/tools/bin/../lib/gcc/arm-none-eabi/10.3.1/thumb/v7-m/nofp\libgcc.a
LOAD c:/st/stm32cubeide_1.12.0/stm32cubeide/plugins/com.st.stm32cube.ide.mcu.externaltools.gnu-tools-for-stm32.10.3-2021.10.win32_1.0.200.202301161003/tools/bin/../lib/gcc/arm-none-eabi/10.3.1/../../../../arm-none-eabi/lib/thumb/v7-m/nofp\libc_nano.a
LOAD c:/st/stm32cubeide_1.12.0/stm32cubeide/plugins/com.st.stm32cube.ide.mcu.externaltools.gnu-tools-for-stm32.10.3-2021.10.win32_1.0.200.202301161003/tools/bin/../lib/gcc/arm-none-eabi/10.3.1/../../../../arm-none-eabi/lib/thumb/v7-m/nofp\libnosys.a
END GROUP
LOAD c:/st/stm32cubeide_1.12.0/stm32cubeide/plugins/com.st.stm32cube.ide.mcu.externaltools.gnu-tools-for-stm32.10.3-2021.10.win32_1.0.200.202301161003/tools/bin/../lib/gcc/arm-none-eabi/10.3.1/thumb/v7-m/nofp/crtend.o
LOAD c:/st/stm32cubeide_1.12.0/stm32cubeide/plugins/com.st.stm32cube.ide.mcu.externaltools.gnu-tools-for-stm32.10.3-2021.10.win32_1.0.200.202301161003/tools/bin/../lib/gcc/arm-none-eabi/10.3.1/thumb/v7-m/nofp/crtn.o
                0x0000000020005000                _estack = (ORIGIN (RAM) + LENGTH (RAM))
                0x0000000000000200                _Min_Heap_Size = 0x200
                0x0000000000000400                _Min_Stack_Size = 0x400

.isr_vector     0x0000000008000000      0x10c
                0x0000000008000000                . = ALIGN (0x4)
 *(.isr_vector)
 .isr_vector    0x0000000008000000      0x10c ./Core/Startup/startup_stm32f103c8tx.o
                0x0000000008000000                g_pfnVectors
                0x000000000800010c                . = ALIGN (0x4)

.text           0x000000000800010c     0x92b4
                0x000000000800010c                . = ALIGN (0x4)
 *(.text)
 .text          0x000000000800010c       0x40 c:/st/stm32cubeide_1.12.0/stm32cubeide/plugins/com.st.stm32cube.ide.mcu.externaltools.gnu-tools-for-stm32.10.3-2021.10.win32_1.0.200.202301161003/tools/bin/../lib/gcc/arm-none-eabi/10.3.1/thumb/v7-m/nofp/crtbegin.o
 .text          0x000000000800014c       0x10 c:/st/stm32cubeide_1.12.0/stm32cubeide/plugins/com.st.stm32cube.ide.mcu.externaltools.gnu-tools-for-stm32.10.3-2021.10.win32_1.0.200.202301161003/tools/bin/../lib/gcc/arm-none-eabi/10.3.1/../../../../arm-none-eabi/lib/thumb/v7-m/nofp\libc_nano.a(lib_a-strlen.o)
                0x000000000800014c                strlen
 .text          0x000000000800015c      0x21c c:/st/stm32cubeide_1.12.0/stm32cubeide/plugins/com.st.stm32cube.ide.mcu.externaltools.gnu-tools-for-stm32.10.3-2021.10.win32_1.0.200.202301161003/tools/bin/../lib/gcc/arm-none-eabi/10.3.1/thumb/v7-m/nofp\libgcc.a(_arm_addsubsf3.o)
                0x000000000800015c                __aeabi_frsub
                0x0000000008000164                __subsf3
                0x0000000008000164                __aeabi_fsub
                0x0000000008000168                __aeabi_fadd
                0x0000000008000168                __addsf3
                0x00000000080002c8                __aeabi_ui2f
                0x00000000080002c8                __floatunsisf
                0x00000000080002d0                __aeabi_i2f
                0x00000000080002d0                __floatsisf
                0x00000000080002ec                __aeabi_ul2f
                0x00000000080002ec                __floatundisf
                0x00000000080002fc                __aeabi_l2f
                0x00000000080002fc                __floatdisf
 .text          0x0000000008000378       0x4c c:/st/stm32cubeide_1.12.0/stm32cubeide/plugins/com.st.stm32cube.ide.mcu.externaltools.gnu-tools-for-stm32.10.3-2021.10.win32_1.0.200.202301161003/tools/bin/../lib/gcc/arm-none-eabi/10.3.1/thumb/v7-m/nofp\libgcc.a(_arm_fixsfsi.o)
                0x0000000008000378                __aeabi_f2iz
                0x0000000008000378                __fixsfsi
 *(.text*)
 .text.disp1color_UpdateFromBuff
                0x00000000080003c4       0x14 ./Core/Src/disp1color.o
                0x00000000080003c4                disp1color_UpdateFromBuff
 .text.disp1color_DrawPixel
                0x00000000080003d8       0xbc ./Core/Src/disp1color.o
                0x00000000080003d8                disp1color_DrawPixel
 .text.DMD_1COLOR_DisplayFullUpdate
                0x0000000008000494       0x44 ./Core/Src/disp1color.o
                0x0000000008000494                DMD_1COLOR_DisplayFullUpdate
 .text.DMD_1COLOR_UpdateRow4
                0x00000000080004d8       0xd8 ./Core/Src/disp1color.o
                0x00000000080004d8                DMD_1COLOR_UpdateRow4
 .text.DMD_1COLOR_SendFromMatrixBuff
                0x00000000080005b0       0xa8 ./Core/Src/disp1color.o
                0x00000000080005b0                DMD_1COLOR_SendFromMatrixBuff
 .text.DMD_1COLOR_GetFrom8ScreenBytes
                0x0000000008000658       0x50 ./Core/Src/disp1color.o
                0x0000000008000658                DMD_1COLOR_GetFrom8ScreenBytes
 .text.prepare_data
                0x00000000080006a8       0xb8 ./Core/Src/disp1color.o
                0x00000000080006a8                prepare_data
 .text.disp_row
                0x0000000008000760      0x188 ./Core/Src/main.o
                0x0000000008000760                disp_row
 .text.main     0x00000000080008e8      0x17c ./Core/Src/main.o
                0x00000000080008e8                main
 .text.SystemClock_Config
                0x0000000008000a64       0xb6 ./Core/Src/main.o
                0x0000000008000a64                SystemClock_Config
 *fill*         0x0000000008000b1a        0x2 
 .text.MX_SPI1_Init
                0x0000000008000b1c       0x6c ./Core/Src/main.o
 .text.MX_TIM1_Init
                0x0000000008000b88      0x100 ./Core/Src/main.o
 .text.MX_TIM4_Init
                0x0000000008000c88       0xb0 ./Core/Src/main.o
 .text.MX_GPIO_Init
                0x0000000008000d38      0x104 ./Core/Src/main.o
 .text.Error_Handler
                0x0000000008000e3c        0xa ./Core/Src/main.o
                0x0000000008000e3c                Error_Handler
 *fill*         0x0000000008000e46        0x2 
 .text.HAL_MspInit
                0x0000000008000e48       0x64 ./Core/Src/stm32f1xx_hal_msp.o
                0x0000000008000e48                HAL_MspInit
 .text.HAL_SPI_MspInit
                0x0000000008000eac       0x94 ./Core/Src/stm32f1xx_hal_msp.o
                0x0000000008000eac                HAL_SPI_MspInit
 .text.HAL_TIM_OC_MspInit
                0x0000000008000f40       0x3c ./Core/Src/stm32f1xx_hal_msp.o
                0x0000000008000f40                HAL_TIM_OC_MspInit
 .text.HAL_TIM_PWM_MspInit
                0x0000000008000f7c       0x4c ./Core/Src/stm32f1xx_hal_msp.o
                0x0000000008000f7c                HAL_TIM_PWM_MspInit
 .text.NMI_Handler
                0x0000000008000fc8        0x6 ./Core/Src/stm32f1xx_it.o
                0x0000000008000fc8                NMI_Handler
 .text.HardFault_Handler
                0x0000000008000fce        0x6 ./Core/Src/stm32f1xx_it.o
                0x0000000008000fce                HardFault_Handler
 .text.MemManage_Handler
                0x0000000008000fd4        0x6 ./Core/Src/stm32f1xx_it.o
                0x0000000008000fd4                MemManage_Handler
 .text.BusFault_Handler
                0x0000000008000fda        0x6 ./Core/Src/stm32f1xx_it.o
                0x0000000008000fda                BusFault_Handler
 .text.UsageFault_Handler
                0x0000000008000fe0        0x6 ./Core/Src/stm32f1xx_it.o
                0x0000000008000fe0                UsageFault_Handler
 .text.SVC_Handler
                0x0000000008000fe6        0xc ./Core/Src/stm32f1xx_it.o
                0x0000000008000fe6                SVC_Handler
 .text.DebugMon_Handler
                0x0000000008000ff2        0xc ./Core/Src/stm32f1xx_it.o
                0x0000000008000ff2                DebugMon_Handler
 .text.PendSV_Handler
                0x0000000008000ffe        0xc ./Core/Src/stm32f1xx_it.o
                0x0000000008000ffe                PendSV_Handler
 .text.SysTick_Handler
                0x000000000800100a        0xc ./Core/Src/stm32f1xx_it.o
                0x000000000800100a                SysTick_Handler
 *fill*         0x0000000008001016        0x2 
 .text.USB_LP_CAN1_RX0_IRQHandler
                0x0000000008001018       0x14 ./Core/Src/stm32f1xx_it.o
                0x0000000008001018                USB_LP_CAN1_RX0_IRQHandler
 .text.TIM4_IRQHandler
                0x000000000800102c       0x40 ./Core/Src/stm32f1xx_it.o
                0x000000000800102c                TIM4_IRQHandler
 .text.SystemInit
                0x000000000800106c        0xc ./Core/Src/system_stm32f1xx.o
                0x000000000800106c                SystemInit
 .text.Reset_Handler
                0x0000000008001078       0x48 ./Core/Startup/startup_stm32f103c8tx.o
                0x0000000008001078                Reset_Handler
 .text.Default_Handler
                0x00000000080010c0        0x2 ./Core/Startup/startup_stm32f103c8tx.o
                0x00000000080010c0                RTC_Alarm_IRQHandler
                0x00000000080010c0                EXTI2_IRQHandler
                0x00000000080010c0                TIM1_CC_IRQHandler
                0x00000000080010c0                PVD_IRQHandler
                0x00000000080010c0                EXTI3_IRQHandler
                0x00000000080010c0                EXTI0_IRQHandler
                0x00000000080010c0                I2C2_EV_IRQHandler
                0x00000000080010c0                ADC1_2_IRQHandler
                0x00000000080010c0                SPI1_IRQHandler
                0x00000000080010c0                TAMPER_IRQHandler
                0x00000000080010c0                DMA1_Channel4_IRQHandler
                0x00000000080010c0                USART3_IRQHandler
                0x00000000080010c0                RTC_IRQHandler
                0x00000000080010c0                DMA1_Channel7_IRQHandler
                0x00000000080010c0                CAN1_RX1_IRQHandler
                0x00000000080010c0                I2C1_EV_IRQHandler
                0x00000000080010c0                DMA1_Channel6_IRQHandler
                0x00000000080010c0                TIM3_IRQHandler
                0x00000000080010c0                RCC_IRQHandler
                0x00000000080010c0                TIM1_TRG_COM_IRQHandler
                0x00000000080010c0                DMA1_Channel1_IRQHandler
                0x00000000080010c0                Default_Handler
                0x00000000080010c0                EXTI15_10_IRQHandler
                0x00000000080010c0                EXTI9_5_IRQHandler
                0x00000000080010c0                SPI2_IRQHandler
                0x00000000080010c0                DMA1_Channel5_IRQHandler
                0x00000000080010c0                EXTI4_IRQHandler
                0x00000000080010c0                USB_HP_CAN1_TX_IRQHandler
                0x00000000080010c0                DMA1_Channel3_IRQHandler
                0x00000000080010c0                TIM1_UP_IRQHandler
                0x00000000080010c0                WWDG_IRQHandler
                0x00000000080010c0                TIM2_IRQHandler
                0x00000000080010c0                TIM1_BRK_IRQHandler
                0x00000000080010c0                EXTI1_IRQHandler
                0x00000000080010c0                USART2_IRQHandler
                0x00000000080010c0                I2C2_ER_IRQHandler
                0x00000000080010c0                DMA1_Channel2_IRQHandler
                0x00000000080010c0                CAN1_SCE_IRQHandler
                0x00000000080010c0                FLASH_IRQHandler
                0x00000000080010c0                USART1_IRQHandler
                0x00000000080010c0                I2C1_ER_IRQHandler
                0x00000000080010c0                USBWakeUp_IRQHandler
 *fill*         0x00000000080010c2        0x2 
 .text.HAL_Init
                0x00000000080010c4       0x2c ./Drivers/STM32F1xx_HAL_Driver/Src/stm32f1xx_hal.o
                0x00000000080010c4                HAL_Init
 .text.HAL_InitTick
                0x00000000080010f0       0x60 ./Drivers/STM32F1xx_HAL_Driver/Src/stm32f1xx_hal.o
                0x00000000080010f0                HAL_InitTick
 .text.HAL_IncTick
                0x0000000008001150       0x24 ./Drivers/STM32F1xx_HAL_Driver/Src/stm32f1xx_hal.o
                0x0000000008001150                HAL_IncTick
 .text.HAL_GetTick
                0x0000000008001174       0x14 ./Drivers/STM32F1xx_HAL_Driver/Src/stm32f1xx_hal.o
                0x0000000008001174                HAL_GetTick
 .text.__NVIC_SetPriorityGrouping
                0x0000000008001188       0x48 ./Drivers/STM32F1xx_HAL_Driver/Src/stm32f1xx_hal_cortex.o
 .text.__NVIC_GetPriorityGrouping
                0x00000000080011d0       0x1c ./Drivers/STM32F1xx_HAL_Driver/Src/stm32f1xx_hal_cortex.o
 .text.__NVIC_EnableIRQ
                0x00000000080011ec       0x38 ./Drivers/STM32F1xx_HAL_Driver/Src/stm32f1xx_hal_cortex.o
 .text.__NVIC_SetPriority
                0x0000000008001224       0x54 ./Drivers/STM32F1xx_HAL_Driver/Src/stm32f1xx_hal_cortex.o
 .text.NVIC_EncodePriority
                0x0000000008001278       0x64 ./Drivers/STM32F1xx_HAL_Driver/Src/stm32f1xx_hal_cortex.o
 .text.SysTick_Config
                0x00000000080012dc       0x44 ./Drivers/STM32F1xx_HAL_Driver/Src/stm32f1xx_hal_cortex.o
 .text.HAL_NVIC_SetPriorityGrouping
                0x0000000008001320       0x16 ./Drivers/STM32F1xx_HAL_Driver/Src/stm32f1xx_hal_cortex.o
                0x0000000008001320                HAL_NVIC_SetPriorityGrouping
 .text.HAL_NVIC_SetPriority
                0x0000000008001336       0x38 ./Drivers/STM32F1xx_HAL_Driver/Src/stm32f1xx_hal_cortex.o
                0x0000000008001336                HAL_NVIC_SetPriority
 .text.HAL_NVIC_EnableIRQ
                0x000000000800136e       0x1c ./Drivers/STM32F1xx_HAL_Driver/Src/stm32f1xx_hal_cortex.o
                0x000000000800136e                HAL_NVIC_EnableIRQ
 .text.HAL_SYSTICK_Config
                0x000000000800138a       0x18 ./Drivers/STM32F1xx_HAL_Driver/Src/stm32f1xx_hal_cortex.o
                0x000000000800138a                HAL_SYSTICK_Config
 *fill*         0x00000000080013a2        0x2 
 .text.HAL_GPIO_Init
                0x00000000080013a4      0x308 ./Drivers/STM32F1xx_HAL_Driver/Src/stm32f1xx_hal_gpio.o
                0x00000000080013a4                HAL_GPIO_Init
 .text.HAL_GPIO_WritePin
                0x00000000080016ac       0x30 ./Drivers/STM32F1xx_HAL_Driver/Src/stm32f1xx_hal_gpio.o
                0x00000000080016ac                HAL_GPIO_WritePin
 .text.HAL_GPIO_TogglePin
                0x00000000080016dc       0x32 ./Drivers/STM32F1xx_HAL_Driver/Src/stm32f1xx_hal_gpio.o
                0x00000000080016dc                HAL_GPIO_TogglePin
 .text.HAL_PCD_Init
                0x000000000800170e      0x1fe ./Drivers/STM32F1xx_HAL_Driver/Src/stm32f1xx_hal_pcd.o
                0x000000000800170e                HAL_PCD_Init
 .text.HAL_PCD_Start
                0x000000000800190c       0x4c ./Drivers/STM32F1xx_HAL_Driver/Src/stm32f1xx_hal_pcd.o
                0x000000000800190c                HAL_PCD_Start
 .text.HAL_PCD_IRQHandler
                0x0000000008001958      0x260 ./Drivers/STM32F1xx_HAL_Driver/Src/stm32f1xx_hal_pcd.o
                0x0000000008001958                HAL_PCD_IRQHandler
 .text.HAL_PCD_SetAddress
                0x0000000008001bb8       0x4a ./Drivers/STM32F1xx_HAL_Driver/Src/stm32f1xx_hal_pcd.o
                0x0000000008001bb8                HAL_PCD_SetAddress
 .text.HAL_PCD_EP_Open
                0x0000000008001c02       0xba ./Drivers/STM32F1xx_HAL_Driver/Src/stm32f1xx_hal_pcd.o
                0x0000000008001c02                HAL_PCD_EP_Open
 .text.HAL_PCD_EP_Close
                0x0000000008001cbc       0x90 ./Drivers/STM32F1xx_HAL_Driver/Src/stm32f1xx_hal_pcd.o
                0x0000000008001cbc                HAL_PCD_EP_Close
 .text.HAL_PCD_EP_Receive
                0x0000000008001d4c       0x62 ./Drivers/STM32F1xx_HAL_Driver/Src/stm32f1xx_hal_pcd.o
                0x0000000008001d4c                HAL_PCD_EP_Receive
 .text.HAL_PCD_EP_GetRxCount
                0x0000000008001dae       0x2e ./Drivers/STM32F1xx_HAL_Driver/Src/stm32f1xx_hal_pcd.o
                0x0000000008001dae                HAL_PCD_EP_GetRxCount
 .text.HAL_PCD_EP_Transmit
                0x0000000008001ddc       0x6e ./Drivers/STM32F1xx_HAL_Driver/Src/stm32f1xx_hal_pcd.o
                0x0000000008001ddc                HAL_PCD_EP_Transmit
 .text.HAL_PCD_EP_SetStall
                0x0000000008001e4a       0xc0 ./Drivers/STM32F1xx_HAL_Driver/Src/stm32f1xx_hal_pcd.o
                0x0000000008001e4a                HAL_PCD_EP_SetStall
 .text.HAL_PCD_EP_ClrStall
                0x0000000008001f0a       0xa8 ./Drivers/STM32F1xx_HAL_Driver/Src/stm32f1xx_hal_pcd.o
                0x0000000008001f0a                HAL_PCD_EP_ClrStall
 .text.PCD_EP_ISR_Handler
                0x0000000008001fb2      0x7a6 ./Drivers/STM32F1xx_HAL_Driver/Src/stm32f1xx_hal_pcd.o
 .text.HAL_PCD_EP_DB_Receive
                0x0000000008002758      0x21a ./Drivers/STM32F1xx_HAL_Driver/Src/stm32f1xx_hal_pcd.o
 .text.HAL_PCD_EP_DB_Transmit
                0x0000000008002972      0x7f4 ./Drivers/STM32F1xx_HAL_Driver/Src/stm32f1xx_hal_pcd.o
 .text.HAL_PCDEx_PMAConfig
                0x0000000008003166       0x84 ./Drivers/STM32F1xx_HAL_Driver/Src/stm32f1xx_hal_pcd_ex.o
                0x0000000008003166                HAL_PCDEx_PMAConfig
 *fill*         0x00000000080031ea        0x2 
 .text.HAL_RCC_OscConfig
                0x00000000080031ec      0x504 ./Drivers/STM32F1xx_HAL_Driver/Src/stm32f1xx_hal_rcc.o
                0x00000000080031ec                HAL_RCC_OscConfig
 .text.HAL_RCC_ClockConfig
                0x00000000080036f0      0x1d4 ./Drivers/STM32F1xx_HAL_Driver/Src/stm32f1xx_hal_rcc.o
                0x00000000080036f0                HAL_RCC_ClockConfig
 .text.HAL_RCC_GetSysClockFreq
                0x00000000080038c4       0xa8 ./Drivers/STM32F1xx_HAL_Driver/Src/stm32f1xx_hal_rcc.o
                0x00000000080038c4                HAL_RCC_GetSysClockFreq
 .text.RCC_Delay
                0x000000000800396c       0x3c ./Drivers/STM32F1xx_HAL_Driver/Src/stm32f1xx_hal_rcc.o
 .text.HAL_RCCEx_PeriphCLKConfig
                0x00000000080039a8      0x16c ./Drivers/STM32F1xx_HAL_Driver/Src/stm32f1xx_hal_rcc_ex.o
                0x00000000080039a8                HAL_RCCEx_PeriphCLKConfig
 .text.HAL_SPI_Init
                0x0000000008003b14      0x108 ./Drivers/STM32F1xx_HAL_Driver/Src/stm32f1xx_hal_spi.o
                0x0000000008003b14                HAL_SPI_Init
 .text.HAL_SPI_Transmit
                0x0000000008003c1c      0x286 ./Drivers/STM32F1xx_HAL_Driver/Src/stm32f1xx_hal_spi.o
                0x0000000008003c1c                HAL_SPI_Transmit
 *fill*         0x0000000008003ea2        0x2 
 .text.SPI_WaitFlagStateUntilTimeout
                0x0000000008003ea4      0x110 ./Drivers/STM32F1xx_HAL_Driver/Src/stm32f1xx_hal_spi.o
 .text.SPI_EndRxTxTransaction
                0x0000000008003fb4       0x3c ./Drivers/STM32F1xx_HAL_Driver/Src/stm32f1xx_hal_spi.o
 .text.HAL_TIM_Base_Start_IT
                0x0000000008003ff0       0xa4 ./Drivers/STM32F1xx_HAL_Driver/Src/stm32f1xx_hal_tim.o
                0x0000000008003ff0                HAL_TIM_Base_Start_IT
 .text.HAL_TIM_OC_Init
                0x0000000008004094       0x9e ./Drivers/STM32F1xx_HAL_Driver/Src/stm32f1xx_hal_tim.o
                0x0000000008004094                HAL_TIM_OC_Init
 .text.HAL_TIM_PWM_Init
                0x0000000008004132       0x9e ./Drivers/STM32F1xx_HAL_Driver/Src/stm32f1xx_hal_tim.o
                0x0000000008004132                HAL_TIM_PWM_Init
 .text.HAL_TIM_IRQHandler
                0x00000000080041d0      0x210 ./Drivers/STM32F1xx_HAL_Driver/Src/stm32f1xx_hal_tim.o
                0x00000000080041d0                HAL_TIM_IRQHandler
 .text.HAL_TIM_OC_ConfigChannel
                0x00000000080043e0       0xb8 ./Drivers/STM32F1xx_HAL_Driver/Src/stm32f1xx_hal_tim.o
                0x00000000080043e0                HAL_TIM_OC_ConfigChannel
 .text.HAL_TIM_PWM_ConfigChannel
                0x0000000008004498      0x184 ./Drivers/STM32F1xx_HAL_Driver/Src/stm32f1xx_hal_tim.o
                0x0000000008004498                HAL_TIM_PWM_ConfigChannel
 .text.HAL_TIM_PeriodElapsedCallback
                0x000000000800461c       0x12 ./Drivers/STM32F1xx_HAL_Driver/Src/stm32f1xx_hal_tim.o
                0x000000000800461c                HAL_TIM_PeriodElapsedCallback
 .text.HAL_TIM_OC_DelayElapsedCallback
                0x000000000800462e       0x12 ./Drivers/STM32F1xx_HAL_Driver/Src/stm32f1xx_hal_tim.o
                0x000000000800462e                HAL_TIM_OC_DelayElapsedCallback
 .text.HAL_TIM_IC_CaptureCallback
                0x0000000008004640       0x12 ./Drivers/STM32F1xx_HAL_Driver/Src/stm32f1xx_hal_tim.o
                0x0000000008004640                HAL_TIM_IC_CaptureCallback
 .text.HAL_TIM_PWM_PulseFinishedCallback
                0x0000000008004652       0x12 ./Drivers/STM32F1xx_HAL_Driver/Src/stm32f1xx_hal_tim.o
                0x0000000008004652                HAL_TIM_PWM_PulseFinishedCallback
 .text.HAL_TIM_TriggerCallback
                0x0000000008004664       0x12 ./Drivers/STM32F1xx_HAL_Driver/Src/stm32f1xx_hal_tim.o
                0x0000000008004664                HAL_TIM_TriggerCallback
 *fill*         0x0000000008004676        0x2 
 .text.TIM_Base_SetConfig
                0x0000000008004678       0xc4 ./Drivers/STM32F1xx_HAL_Driver/Src/stm32f1xx_hal_tim.o
                0x0000000008004678                TIM_Base_SetConfig
 .text.TIM_OC1_SetConfig
                0x000000000800473c       0xcc ./Drivers/STM32F1xx_HAL_Driver/Src/stm32f1xx_hal_tim.o
 .text.TIM_OC2_SetConfig
                0x0000000008004808       0xd4 ./Drivers/STM32F1xx_HAL_Driver/Src/stm32f1xx_hal_tim.o
                0x0000000008004808                TIM_OC2_SetConfig
 .text.TIM_OC3_SetConfig
                0x00000000080048dc       0xd4 ./Drivers/STM32F1xx_HAL_Driver/Src/stm32f1xx_hal_tim.o
 .text.TIM_OC4_SetConfig
                0x00000000080049b0       0x9c ./Drivers/STM32F1xx_HAL_Driver/Src/stm32f1xx_hal_tim.o
 .text.HAL_TIMEx_MasterConfigSynchronization
                0x0000000008004a4c       0xbc ./Drivers/STM32F1xx_HAL_Driver/Src/stm32f1xx_hal_tim_ex.o
                0x0000000008004a4c                HAL_TIMEx_MasterConfigSynchronization
 .text.HAL_TIMEx_ConfigBreakDeadTime
                0x0000000008004b08       0xa2 ./Drivers/STM32F1xx_HAL_Driver/Src/stm32f1xx_hal_tim_ex.o
                0x0000000008004b08                HAL_TIMEx_ConfigBreakDeadTime
 .text.HAL_TIMEx_CommutCallback
                0x0000000008004baa       0x12 ./Drivers/STM32F1xx_HAL_Driver/Src/stm32f1xx_hal_tim_ex.o
                0x0000000008004baa                HAL_TIMEx_CommutCallback
 .text.HAL_TIMEx_BreakCallback
                0x0000000008004bbc       0x12 ./Drivers/STM32F1xx_HAL_Driver/Src/stm32f1xx_hal_tim_ex.o
                0x0000000008004bbc                HAL_TIMEx_BreakCallback
 .text.USB_CoreInit
                0x0000000008004bce       0x20 ./Drivers/STM32F1xx_HAL_Driver/Src/stm32f1xx_ll_usb.o
                0x0000000008004bce                USB_CoreInit
 .text.USB_EnableGlobalInt
                0x0000000008004bee       0x2c ./Drivers/STM32F1xx_HAL_Driver/Src/stm32f1xx_ll_usb.o
                0x0000000008004bee                USB_EnableGlobalInt
 .text.USB_DisableGlobalInt
                0x0000000008004c1a       0x34 ./Drivers/STM32F1xx_HAL_Driver/Src/stm32f1xx_ll_usb.o
                0x0000000008004c1a                USB_DisableGlobalInt
 .text.USB_SetCurrentMode
                0x0000000008004c4e       0x18 ./Drivers/STM32F1xx_HAL_Driver/Src/stm32f1xx_ll_usb.o
                0x0000000008004c4e                USB_SetCurrentMode
 .text.USB_DevInit
                0x0000000008004c66       0x40 ./Drivers/STM32F1xx_HAL_Driver/Src/stm32f1xx_ll_usb.o
                0x0000000008004c66                USB_DevInit
 *fill*         0x0000000008004ca6        0x2 
 .text.USB_ActivateEndpoint
                0x0000000008004ca8      0x780 ./Drivers/STM32F1xx_HAL_Driver/Src/stm32f1xx_ll_usb.o
                0x0000000008004ca8                USB_ActivateEndpoint
 .text.USB_DeactivateEndpoint
                0x0000000008005428      0x3d8 ./Drivers/STM32F1xx_HAL_Driver/Src/stm32f1xx_ll_usb.o
                0x0000000008005428                USB_DeactivateEndpoint
 .text.USB_EPStartXfer
                0x0000000008005800     0x1762 ./Drivers/STM32F1xx_HAL_Driver/Src/stm32f1xx_ll_usb.o
                0x0000000008005800                USB_EPStartXfer
 .text.USB_EPSetStall
                0x0000000008006f62       0xa0 ./Drivers/STM32F1xx_HAL_Driver/Src/stm32f1xx_ll_usb.o
                0x0000000008006f62                USB_EPSetStall
 .text.USB_EPClearStall
                0x0000000008007002      0x15a ./Drivers/STM32F1xx_HAL_Driver/Src/stm32f1xx_ll_usb.o
                0x0000000008007002                USB_EPClearStall
 .text.USB_SetDevAddress
                0x000000000800715c       0x26 ./Drivers/STM32F1xx_HAL_Driver/Src/stm32f1xx_ll_usb.o
                0x000000000800715c                USB_SetDevAddress
 .text.USB_DevConnect
                0x0000000008007182       0x14 ./Drivers/STM32F1xx_HAL_Driver/Src/stm32f1xx_ll_usb.o
                0x0000000008007182                USB_DevConnect
 .text.USB_DevDisconnect
                0x0000000008007196       0x14 ./Drivers/STM32F1xx_HAL_Driver/Src/stm32f1xx_ll_usb.o
                0x0000000008007196                USB_DevDisconnect
 .text.USB_ReadInterrupts
                0x00000000080071aa       0x1e ./Drivers/STM32F1xx_HAL_Driver/Src/stm32f1xx_ll_usb.o
                0x00000000080071aa                USB_ReadInterrupts
 .text.USB_EP0_OutStart
                0x00000000080071c8       0x16 ./Drivers/STM32F1xx_HAL_Driver/Src/stm32f1xx_ll_usb.o
                0x00000000080071c8                USB_EP0_OutStart
 .text.USB_WritePMA
                0x00000000080071de       0x8a ./Drivers/STM32F1xx_HAL_Driver/Src/stm32f1xx_ll_usb.o
                0x00000000080071de                USB_WritePMA
 .text.USB_ReadPMA
                0x0000000008007268       0x9e ./Drivers/STM32F1xx_HAL_Driver/Src/stm32f1xx_ll_usb.o
                0x0000000008007268                USB_ReadPMA
 .text.USBD_CDC_Init
                0x0000000008007306       0xf4 ./Middlewares/ST/STM32_USB_Device_Library/Class/CDC/Src/usbd_cdc.o
 .text.USBD_CDC_DeInit
                0x00000000080073fa       0x6e ./Middlewares/ST/STM32_USB_Device_Library/Class/CDC/Src/usbd_cdc.o
 .text.USBD_CDC_Setup
                0x0000000008007468      0x146 ./Middlewares/ST/STM32_USB_Device_Library/Class/CDC/Src/usbd_cdc.o
 .text.USBD_CDC_DataIn
                0x00000000080075ae       0xa6 ./Middlewares/ST/STM32_USB_Device_Library/Class/CDC/Src/usbd_cdc.o
 .text.USBD_CDC_DataOut
                0x0000000008007654       0x56 ./Middlewares/ST/STM32_USB_Device_Library/Class/CDC/Src/usbd_cdc.o
 .text.USBD_CDC_EP0_RxReady
                0x00000000080076aa       0x50 ./Middlewares/ST/STM32_USB_Device_Library/Class/CDC/Src/usbd_cdc.o
 *fill*         0x00000000080076fa        0x2 
 .text.USBD_CDC_GetFSCfgDesc
                0x00000000080076fc       0x20 ./Middlewares/ST/STM32_USB_Device_Library/Class/CDC/Src/usbd_cdc.o
 .text.USBD_CDC_GetHSCfgDesc
                0x000000000800771c       0x20 ./Middlewares/ST/STM32_USB_Device_Library/Class/CDC/Src/usbd_cdc.o
 .text.USBD_CDC_GetOtherSpeedCfgDesc
                0x000000000800773c       0x20 ./Middlewares/ST/STM32_USB_Device_Library/Class/CDC/Src/usbd_cdc.o
 .text.USBD_CDC_GetDeviceQualifierDescriptor
                0x000000000800775c       0x20 ./Middlewares/ST/STM32_USB_Device_Library/Class/CDC/Src/usbd_cdc.o
                0x000000000800775c                USBD_CDC_GetDeviceQualifierDescriptor
 .text.USBD_CDC_RegisterInterface
                0x000000000800777c       0x2c ./Middlewares/ST/STM32_USB_Device_Library/Class/CDC/Src/usbd_cdc.o
                0x000000000800777c                USBD_CDC_RegisterInterface
 .text.USBD_CDC_SetTxBuffer
                0x00000000080077a8       0x32 ./Middlewares/ST/STM32_USB_Device_Library/Class/CDC/Src/usbd_cdc.o
                0x00000000080077a8                USBD_CDC_SetTxBuffer
 .text.USBD_CDC_SetRxBuffer
                0x00000000080077da       0x26 ./Middlewares/ST/STM32_USB_Device_Library/Class/CDC/Src/usbd_cdc.o
                0x00000000080077da                USBD_CDC_SetRxBuffer
 .text.USBD_CDC_TransmitPacket
                0x0000000008007800       0x5e ./Middlewares/ST/STM32_USB_Device_Library/Class/CDC/Src/usbd_cdc.o
                0x0000000008007800                USBD_CDC_TransmitPacket
 .text.USBD_CDC_ReceivePacket
                0x000000000800785e       0x54 ./Middlewares/ST/STM32_USB_Device_Library/Class/CDC/Src/usbd_cdc.o
                0x000000000800785e                USBD_CDC_ReceivePacket
 .text.USBD_Init
                0x00000000080078b2       0x56 ./Middlewares/ST/STM32_USB_Device_Library/Core/Src/usbd_core.o
                0x00000000080078b2                USBD_Init
 .text.USBD_RegisterClass
                0x0000000008007908       0x32 ./Middlewares/ST/STM32_USB_Device_Library/Core/Src/usbd_core.o
                0x0000000008007908                USBD_RegisterClass
 .text.USBD_Start
                0x000000000800793a       0x18 ./Middlewares/ST/STM32_USB_Device_Library/Core/Src/usbd_core.o
                0x000000000800793a                USBD_Start
 .text.USBD_RunTestMode
                0x0000000008007952       0x14 ./Middlewares/ST/STM32_USB_Device_Library/Core/Src/usbd_core.o
                0x0000000008007952                USBD_RunTestMode
 .text.USBD_SetClassConfig
                0x0000000008007966       0x3e ./Middlewares/ST/STM32_USB_Device_Library/Core/Src/usbd_core.o
                0x0000000008007966                USBD_SetClassConfig
 .text.USBD_ClrClassConfig
                0x00000000080079a4       0x26 ./Middlewares/ST/STM32_USB_Device_Library/Core/Src/usbd_core.o
                0x00000000080079a4                USBD_ClrClassConfig
 .text.USBD_LL_SetupStage
                0x00000000080079ca       0x9a ./Middlewares/ST/STM32_USB_Device_Library/Core/Src/usbd_core.o
                0x00000000080079ca                USBD_LL_SetupStage
 .text.USBD_LL_DataOutStage
                0x0000000008007a64       0xe2 ./Middlewares/ST/STM32_USB_Device_Library/Core/Src/usbd_core.o
                0x0000000008007a64                USBD_LL_DataOutStage
 .text.USBD_LL_DataInStage
                0x0000000008007b46      0x14a ./Middlewares/ST/STM32_USB_Device_Library/Core/Src/usbd_core.o
                0x0000000008007b46                USBD_LL_DataInStage
 .text.USBD_LL_Reset
                0x0000000008007c90       0x82 ./Middlewares/ST/STM32_USB_Device_Library/Core/Src/usbd_core.o
                0x0000000008007c90                USBD_LL_Reset
 .text.USBD_LL_SetSpeed
                0x0000000008007d12       0x1e ./Middlewares/ST/STM32_USB_Device_Library/Core/Src/usbd_core.o
                0x0000000008007d12                USBD_LL_SetSpeed
 .text.USBD_LL_Suspend
                0x0000000008007d30       0x28 ./Middlewares/ST/STM32_USB_Device_Library/Core/Src/usbd_core.o
                0x0000000008007d30                USBD_LL_Suspend
 .text.USBD_LL_Resume
                0x0000000008007d58       0x2a ./Middlewares/ST/STM32_USB_Device_Library/Core/Src/usbd_core.o
                0x0000000008007d58                USBD_LL_Resume
 .text.USBD_LL_SOF
                0x0000000008007d82       0x34 ./Middlewares/ST/STM32_USB_Device_Library/Core/Src/usbd_core.o
                0x0000000008007d82                USBD_LL_SOF
 *fill*         0x0000000008007db6        0x2 
 .text.USBD_StdDevReq
                0x0000000008007db8       0xd4 ./Middlewares/ST/STM32_USB_Device_Library/Core/Src/usbd_ctlreq.o
                0x0000000008007db8                USBD_StdDevReq
 .text.USBD_StdItfReq
                0x0000000008007e8c       0x90 ./Middlewares/ST/STM32_USB_Device_Library/Core/Src/usbd_ctlreq.o
                0x0000000008007e8c                USBD_StdItfReq
 .text.USBD_StdEPReq
                0x0000000008007f1c      0x2c6 ./Middlewares/ST/STM32_USB_Device_Library/Core/Src/usbd_ctlreq.o
                0x0000000008007f1c                USBD_StdEPReq
 *fill*         0x00000000080081e2        0x2 
 .text.USBD_GetDescriptor
                0x00000000080081e4      0x2d0 ./Middlewares/ST/STM32_USB_Device_Library/Core/Src/usbd_ctlreq.o
 .text.USBD_SetAddress
                0x00000000080084b4       0x86 ./Middlewares/ST/STM32_USB_Device_Library/Core/Src/usbd_ctlreq.o
 *fill*         0x000000000800853a        0x2 
 .text.USBD_SetConfig
                0x000000000800853c      0x11c ./Middlewares/ST/STM32_USB_Device_Library/Core/Src/usbd_ctlreq.o
 .text.USBD_GetConfig
                0x0000000008008658       0x6a ./Middlewares/ST/STM32_USB_Device_Library/Core/Src/usbd_ctlreq.o
 .text.USBD_GetStatus
                0x00000000080086c2       0x66 ./Middlewares/ST/STM32_USB_Device_Library/Core/Src/usbd_ctlreq.o
 .text.USBD_SetFeature
                0x0000000008008728       0x28 ./Middlewares/ST/STM32_USB_Device_Library/Core/Src/usbd_ctlreq.o
 .text.USBD_ClrFeature
                0x0000000008008750       0x42 ./Middlewares/ST/STM32_USB_Device_Library/Core/Src/usbd_ctlreq.o
 .text.USBD_ParseSetupRequest
                0x0000000008008792       0x78 ./Middlewares/ST/STM32_USB_Device_Library/Core/Src/usbd_ctlreq.o
                0x0000000008008792                USBD_ParseSetupRequest
 .text.USBD_CtlError
                0x000000000800880a       0x22 ./Middlewares/ST/STM32_USB_Device_Library/Core/Src/usbd_ctlreq.o
                0x000000000800880a                USBD_CtlError
 .text.USBD_GetString
                0x000000000800882c       0x84 ./Middlewares/ST/STM32_USB_Device_Library/Core/Src/usbd_ctlreq.o
                0x000000000800882c                USBD_GetString
 .text.USBD_GetLen
                0x00000000080088b0       0x2e ./Middlewares/ST/STM32_USB_Device_Library/Core/Src/usbd_ctlreq.o
 .text.USBD_CtlSendData
                0x00000000080088de       0x38 ./Middlewares/ST/STM32_USB_Device_Library/Core/Src/usbd_ioreq.o
                0x00000000080088de                USBD_CtlSendData
 .text.USBD_CtlContinueSendData
                0x0000000008008916       0x24 ./Middlewares/ST/STM32_USB_Device_Library/Core/Src/usbd_ioreq.o
                0x0000000008008916                USBD_CtlContinueSendData
 .text.USBD_CtlPrepareRx
                0x000000000800893a       0x3c ./Middlewares/ST/STM32_USB_Device_Library/Core/Src/usbd_ioreq.o
                0x000000000800893a                USBD_CtlPrepareRx
 .text.USBD_CtlContinueRx
                0x0000000008008976       0x24 ./Middlewares/ST/STM32_USB_Device_Library/Core/Src/usbd_ioreq.o
                0x0000000008008976                USBD_CtlContinueRx
 .text.USBD_CtlSendStatus
                0x000000000800899a       0x26 ./Middlewares/ST/STM32_USB_Device_Library/Core/Src/usbd_ioreq.o
                0x000000000800899a                USBD_CtlSendStatus
 .text.USBD_CtlReceiveStatus
                0x00000000080089c0       0x26 ./Middlewares/ST/STM32_USB_Device_Library/Core/Src/usbd_ioreq.o
                0x00000000080089c0                USBD_CtlReceiveStatus
 *fill*         0x00000000080089e6        0x2 
 .text.MX_USB_DEVICE_Init
                0x00000000080089e8       0x60 ./USB_DEVICE/App/usb_device.o
                0x00000000080089e8                MX_USB_DEVICE_Init
 .text.CDC_Init_FS
                0x0000000008008a48       0x28 ./USB_DEVICE/App/usbd_cdc_if.o
 .text.CDC_DeInit_FS
                0x0000000008008a70        0xe ./USB_DEVICE/App/usbd_cdc_if.o
 *fill*         0x0000000008008a7e        0x2 
 .text.CDC_Control_FS
                0x0000000008008a80       0xbc ./USB_DEVICE/App/usbd_cdc_if.o
 .text.CDC_Receive_FS
                0x0000000008008b3c       0x3c ./USB_DEVICE/App/usbd_cdc_if.o
 .text.CDC_Transmit_FS
                0x0000000008008b78       0x4c ./USB_DEVICE/App/usbd_cdc_if.o
                0x0000000008008b78                CDC_Transmit_FS
 .text.USBD_FS_DeviceDescriptor
                0x0000000008008bc4       0x24 ./USB_DEVICE/App/usbd_desc.o
                0x0000000008008bc4                USBD_FS_DeviceDescriptor
 .text.USBD_FS_LangIDStrDescriptor
                0x0000000008008be8       0x24 ./USB_DEVICE/App/usbd_desc.o
                0x0000000008008be8                USBD_FS_LangIDStrDescriptor
 .text.USBD_FS_ProductStrDescriptor
                0x0000000008008c0c       0x3c ./USB_DEVICE/App/usbd_desc.o
                0x0000000008008c0c                USBD_FS_ProductStrDescriptor
 .text.USBD_FS_ManufacturerStrDescriptor
                0x0000000008008c48       0x28 ./USB_DEVICE/App/usbd_desc.o
                0x0000000008008c48                USBD_FS_ManufacturerStrDescriptor
 .text.USBD_FS_SerialStrDescriptor
                0x0000000008008c70       0x24 ./USB_DEVICE/App/usbd_desc.o
                0x0000000008008c70                USBD_FS_SerialStrDescriptor
 .text.USBD_FS_ConfigStrDescriptor
                0x0000000008008c94       0x3c ./USB_DEVICE/App/usbd_desc.o
                0x0000000008008c94                USBD_FS_ConfigStrDescriptor
 .text.USBD_FS_InterfaceStrDescriptor
                0x0000000008008cd0       0x3c ./USB_DEVICE/App/usbd_desc.o
                0x0000000008008cd0                USBD_FS_InterfaceStrDescriptor
 .text.Get_SerialNum
                0x0000000008008d0c       0x58 ./USB_DEVICE/App/usbd_desc.o
 .text.IntToUnicode
                0x0000000008008d64       0x7c ./USB_DEVICE/App/usbd_desc.o
 .text.HAL_PCD_MspInit
                0x0000000008008de0       0x4c ./USB_DEVICE/Target/usbd_conf.o
                0x0000000008008de0                HAL_PCD_MspInit
 .text.HAL_PCD_SetupStageCallback
                0x0000000008008e2c       0x24 ./USB_DEVICE/Target/usbd_conf.o
                0x0000000008008e2c                HAL_PCD_SetupStageCallback
 .text.HAL_PCD_DataOutStageCallback
                0x0000000008008e50       0x36 ./USB_DEVICE/Target/usbd_conf.o
                0x0000000008008e50                HAL_PCD_DataOutStageCallback
 .text.HAL_PCD_DataInStageCallback
                0x0000000008008e86       0x34 ./USB_DEVICE/Target/usbd_conf.o
                0x0000000008008e86                HAL_PCD_DataInStageCallback
 .text.HAL_PCD_SOFCallback
                0x0000000008008eba       0x1c ./USB_DEVICE/Target/usbd_conf.o
                0x0000000008008eba                HAL_PCD_SOFCallback
 .text.HAL_PCD_ResetCallback
                0x0000000008008ed6       0x3c ./USB_DEVICE/Target/usbd_conf.o
                0x0000000008008ed6                HAL_PCD_ResetCallback
 *fill*         0x0000000008008f12        0x2 
 .text.HAL_PCD_SuspendCallback
                0x0000000008008f14       0x34 ./USB_DEVICE/Target/usbd_conf.o
                0x0000000008008f14                HAL_PCD_SuspendCallback
 .text.HAL_PCD_ResumeCallback
                0x0000000008008f48       0x1c ./USB_DEVICE/Target/usbd_conf.o
                0x0000000008008f48                HAL_PCD_ResumeCallback
 .text.USBD_LL_Init
                0x0000000008008f64       0xb4 ./USB_DEVICE/Target/usbd_conf.o
                0x0000000008008f64                USBD_LL_Init
 .text.USBD_LL_Start
                0x0000000008009018       0x36 ./USB_DEVICE/Target/usbd_conf.o
                0x0000000008009018                USBD_LL_Start
 .text.USBD_LL_OpenEP
                0x000000000800904e       0x4c ./USB_DEVICE/Target/usbd_conf.o
                0x000000000800904e                USBD_LL_OpenEP
 .text.USBD_LL_CloseEP
                0x000000000800909a       0x3e ./USB_DEVICE/Target/usbd_conf.o
                0x000000000800909a                USBD_LL_CloseEP
 .text.USBD_LL_StallEP
                0x00000000080090d8       0x3e ./USB_DEVICE/Target/usbd_conf.o
                0x00000000080090d8                USBD_LL_StallEP
 .text.USBD_LL_ClearStallEP
                0x0000000008009116       0x3e ./USB_DEVICE/Target/usbd_conf.o
                0x0000000008009116                USBD_LL_ClearStallEP
 .text.USBD_LL_IsStallEP
                0x0000000008009154       0x58 ./USB_DEVICE/Target/usbd_conf.o
                0x0000000008009154                USBD_LL_IsStallEP
 .text.USBD_LL_SetUSBAddress
                0x00000000080091ac       0x3e ./USB_DEVICE/Target/usbd_conf.o
                0x00000000080091ac                USBD_LL_SetUSBAddress
 .text.USBD_LL_Transmit
                0x00000000080091ea       0x46 ./USB_DEVICE/Target/usbd_conf.o
                0x00000000080091ea                USBD_LL_Transmit
 .text.USBD_LL_PrepareReceive
                0x0000000008009230       0x46 ./USB_DEVICE/Target/usbd_conf.o
                0x0000000008009230                USBD_LL_PrepareReceive
 .text.USBD_LL_GetRxDataSize
                0x0000000008009276       0x26 ./USB_DEVICE/Target/usbd_conf.o
                0x0000000008009276                USBD_LL_GetRxDataSize
 .text.USBD_static_malloc
                0x000000000800929c       0x18 ./USB_DEVICE/Target/usbd_conf.o
                0x000000000800929c                USBD_static_malloc
 .text.USBD_static_free
                0x00000000080092b4       0x12 ./USB_DEVICE/Target/usbd_conf.o
                0x00000000080092b4                USBD_static_free
 .text.HAL_PCDEx_SetConnectionState
                0x00000000080092c6       0x16 ./USB_DEVICE/Target/usbd_conf.o
                0x00000000080092c6                HAL_PCDEx_SetConnectionState
 .text.USBD_Get_USB_Status
                0x00000000080092dc       0x58 ./USB_DEVICE/Target/usbd_conf.o
 .text.__libc_init_array
                0x0000000008009334       0x48 c:/st/stm32cubeide_1.12.0/stm32cubeide/plugins/com.st.stm32cube.ide.mcu.externaltools.gnu-tools-for-stm32.10.3-2021.10.win32_1.0.200.202301161003/tools/bin/../lib/gcc/arm-none-eabi/10.3.1/../../../../arm-none-eabi/lib/thumb/v7-m/nofp\libc_nano.a(lib_a-init.o)
                0x0000000008009334                __libc_init_array
 .text.memcpy   0x000000000800937c       0x1c c:/st/stm32cubeide_1.12.0/stm32cubeide/plugins/com.st.stm32cube.ide.mcu.externaltools.gnu-tools-for-stm32.10.3-2021.10.win32_1.0.200.202301161003/tools/bin/../lib/gcc/arm-none-eabi/10.3.1/../../../../arm-none-eabi/lib/thumb/v7-m/nofp\libc_nano.a(lib_a-memcpy-stub.o)
                0x000000000800937c                memcpy
 .text.memset   0x0000000008009398       0x10 c:/st/stm32cubeide_1.12.0/stm32cubeide/plugins/com.st.stm32cube.ide.mcu.externaltools.gnu-tools-for-stm32.10.3-2021.10.win32_1.0.200.202301161003/tools/bin/../lib/gcc/arm-none-eabi/10.3.1/../../../../arm-none-eabi/lib/thumb/v7-m/nofp\libc_nano.a(lib_a-memset.o)
                0x0000000008009398                memset
 *(.glue_7)
 .glue_7        0x00000000080093a8        0x0 linker stubs
 *(.glue_7t)
 .glue_7t       0x00000000080093a8        0x0 linker stubs
 *(.eh_frame)
 .eh_frame      0x00000000080093a8        0x0 c:/st/stm32cubeide_1.12.0/stm32cubeide/plugins/com.st.stm32cube.ide.mcu.externaltools.gnu-tools-for-stm32.10.3-2021.10.win32_1.0.200.202301161003/tools/bin/../lib/gcc/arm-none-eabi/10.3.1/thumb/v7-m/nofp/crtbegin.o
 *(.init)
 .init          0x00000000080093a8        0x4 c:/st/stm32cubeide_1.12.0/stm32cubeide/plugins/com.st.stm32cube.ide.mcu.externaltools.gnu-tools-for-stm32.10.3-2021.10.win32_1.0.200.202301161003/tools/bin/../lib/gcc/arm-none-eabi/10.3.1/thumb/v7-m/nofp/crti.o
                0x00000000080093a8                _init
 .init          0x00000000080093ac        0x8 c:/st/stm32cubeide_1.12.0/stm32cubeide/plugins/com.st.stm32cube.ide.mcu.externaltools.gnu-tools-for-stm32.10.3-2021.10.win32_1.0.200.202301161003/tools/bin/../lib/gcc/arm-none-eabi/10.3.1/thumb/v7-m/nofp/crtn.o
 *(.fini)
 .fini          0x00000000080093b4        0x4 c:/st/stm32cubeide_1.12.0/stm32cubeide/plugins/com.st.stm32cube.ide.mcu.externaltools.gnu-tools-for-stm32.10.3-2021.10.win32_1.0.200.202301161003/tools/bin/../lib/gcc/arm-none-eabi/10.3.1/thumb/v7-m/nofp/crti.o
                0x00000000080093b4                _fini
 .fini          0x00000000080093b8        0x8 c:/st/stm32cubeide_1.12.0/stm32cubeide/plugins/com.st.stm32cube.ide.mcu.externaltools.gnu-tools-for-stm32.10.3-2021.10.win32_1.0.200.202301161003/tools/bin/../lib/gcc/arm-none-eabi/10.3.1/thumb/v7-m/nofp/crtn.o
                0x00000000080093c0                . = ALIGN (0x4)
                0x00000000080093c0                _etext = .

.vfp11_veneer   0x00000000080093c0        0x0
 .vfp11_veneer  0x00000000080093c0        0x0 linker stubs

.v4_bx          0x00000000080093c0        0x0
 .v4_bx         0x00000000080093c0        0x0 linker stubs

.iplt           0x00000000080093c0        0x0
 .iplt          0x00000000080093c0        0x0 c:/st/stm32cubeide_1.12.0/stm32cubeide/plugins/com.st.stm32cube.ide.mcu.externaltools.gnu-tools-for-stm32.10.3-2021.10.win32_1.0.200.202301161003/tools/bin/../lib/gcc/arm-none-eabi/10.3.1/thumb/v7-m/nofp/crtbegin.o

.rodata         0x00000000080093c0       0x74
                0x00000000080093c0                . = ALIGN (0x4)
 *(.rodata)
 .rodata        0x00000000080093c0        0xb ./Core/Src/main.o
 *fill*         0x00000000080093cb        0x1 
 .rodata        0x00000000080093cc       0x42 ./USB_DEVICE/App/usbd_desc.o
 *(.rodata*)
 *fill*         0x000000000800940e        0x2 
 .rodata.AHBPrescTable
                0x0000000008009410       0x10 ./Core/Src/system_stm32f1xx.o
                0x0000000008009410                AHBPrescTable
 .rodata.aPLLMULFactorTable.1
                0x0000000008009420       0x10 ./Drivers/STM32F1xx_HAL_Driver/Src/stm32f1xx_hal_rcc.o
 .rodata.aPredivFactorTable.0
                0x0000000008009430        0x2 ./Drivers/STM32F1xx_HAL_Driver/Src/stm32f1xx_hal_rcc.o
                0x0000000008009434                . = ALIGN (0x4)
 *fill*         0x0000000008009432        0x2 

.rel.dyn        0x0000000008009434        0x0
 .rel.iplt      0x0000000008009434        0x0 c:/st/stm32cubeide_1.12.0/stm32cubeide/plugins/com.st.stm32cube.ide.mcu.externaltools.gnu-tools-for-stm32.10.3-2021.10.win32_1.0.200.202301161003/tools/bin/../lib/gcc/arm-none-eabi/10.3.1/thumb/v7-m/nofp/crtbegin.o

.ARM.extab      0x0000000008009434        0x0
                0x0000000008009434                . = ALIGN (0x4)
 *(.ARM.extab* .gnu.linkonce.armextab.*)
                0x0000000008009434                . = ALIGN (0x4)

.ARM            0x0000000008009434        0x0
                0x0000000008009434                . = ALIGN (0x4)
                0x0000000008009434                __exidx_start = .
 *(.ARM.exidx*)
                0x0000000008009434                __exidx_end = .
                0x0000000008009434                . = ALIGN (0x4)

.preinit_array  0x0000000008009434        0x0
                0x0000000008009434                . = ALIGN (0x4)
                0x0000000008009434                PROVIDE (__preinit_array_start = .)
 *(.preinit_array*)
                0x0000000008009434                PROVIDE (__preinit_array_end = .)
                0x0000000008009434                . = ALIGN (0x4)

.init_array     0x0000000008009434        0x4
                0x0000000008009434                . = ALIGN (0x4)
                0x0000000008009434                PROVIDE (__init_array_start = .)
 *(SORT_BY_NAME(.init_array.*))
 *(.init_array*)
 .init_array    0x0000000008009434        0x4 c:/st/stm32cubeide_1.12.0/stm32cubeide/plugins/com.st.stm32cube.ide.mcu.externaltools.gnu-tools-for-stm32.10.3-2021.10.win32_1.0.200.202301161003/tools/bin/../lib/gcc/arm-none-eabi/10.3.1/thumb/v7-m/nofp/crtbegin.o
                0x0000000008009438                PROVIDE (__init_array_end = .)
                0x0000000008009438                . = ALIGN (0x4)

.fini_array     0x0000000008009438        0x4
                0x0000000008009438                . = ALIGN (0x4)
                [!provide]                        PROVIDE (__fini_array_start = .)
 *(SORT_BY_NAME(.fini_array.*))
 *(.fini_array*)
 .fini_array    0x0000000008009438        0x4 c:/st/stm32cubeide_1.12.0/stm32cubeide/plugins/com.st.stm32cube.ide.mcu.externaltools.gnu-tools-for-stm32.10.3-2021.10.win32_1.0.200.202301161003/tools/bin/../lib/gcc/arm-none-eabi/10.3.1/thumb/v7-m/nofp/crtbegin.o
                [!provide]                        PROVIDE (__fini_array_end = .)
                0x000000000800943c                . = ALIGN (0x4)
                0x000000000800943c                _sidata = LOADADDR (.data)

.data           0x0000000020000000      0x184 load address 0x000000000800943c
                0x0000000020000000                . = ALIGN (0x4)
                0x0000000020000000                _sdata = .
 *(.data)
 *(.data*)
 .data.DMD_1COLOR_ScreenHeight
                0x0000000020000000        0x1 ./Core/Src/disp1color.o
                0x0000000020000000                DMD_1COLOR_ScreenHeight
 .data.DMD_1COLOR_ScreenWidth
                0x0000000020000001        0x1 ./Core/Src/disp1color.o
                0x0000000020000001                DMD_1COLOR_ScreenWidth
 *fill*         0x0000000020000002        0x2 
 .data.heartbeat
                0x0000000020000004        0x4 ./Core/Src/main.o
                0x0000000020000004                heartbeat
 .data.SystemCoreClock
                0x0000000020000008        0x4 ./Core/Src/system_stm32f1xx.o
                0x0000000020000008                SystemCoreClock
 .data.uwTickPrio
                0x000000002000000c        0x4 ./Drivers/STM32F1xx_HAL_Driver/Src/stm32f1xx_hal.o
                0x000000002000000c                uwTickPrio
 .data.uwTickFreq
                0x0000000020000010        0x1 ./Drivers/STM32F1xx_HAL_Driver/Src/stm32f1xx_hal.o
                0x0000000020000010                uwTickFreq
 *fill*         0x0000000020000011        0x3 
 .data.USBD_CDC_DeviceQualifierDesc
                0x0000000020000014        0xa ./Middlewares/ST/STM32_USB_Device_Library/Class/CDC/Src/usbd_cdc.o
 *fill*         0x000000002000001e        0x2 
 .data.USBD_CDC
                0x0000000020000020       0x38 ./Middlewares/ST/STM32_USB_Device_Library/Class/CDC/Src/usbd_cdc.o
                0x0000000020000020                USBD_CDC
 .data.USBD_CDC_CfgHSDesc
                0x0000000020000058       0x43 ./Middlewares/ST/STM32_USB_Device_Library/Class/CDC/Src/usbd_cdc.o
                0x0000000020000058                USBD_CDC_CfgHSDesc
 *fill*         0x000000002000009b        0x1 
 .data.USBD_CDC_CfgFSDesc
                0x000000002000009c       0x43 ./Middlewares/ST/STM32_USB_Device_Library/Class/CDC/Src/usbd_cdc.o
                0x000000002000009c                USBD_CDC_CfgFSDesc
 *fill*         0x00000000200000df        0x1 
 .data.USBD_CDC_OtherSpeedCfgDesc
                0x00000000200000e0       0x43 ./Middlewares/ST/STM32_USB_Device_Library/Class/CDC/Src/usbd_cdc.o
                0x00000000200000e0                USBD_CDC_OtherSpeedCfgDesc
 *fill*         0x0000000020000123        0x1 
 .data.USBD_Interface_fops_FS
                0x0000000020000124       0x10 ./USB_DEVICE/App/usbd_cdc_if.o
                0x0000000020000124                USBD_Interface_fops_FS
 .data.FS_Desc  0x0000000020000134       0x1c ./USB_DEVICE/App/usbd_desc.o
                0x0000000020000134                FS_Desc
 .data.USBD_FS_DeviceDesc
                0x0000000020000150       0x12 ./USB_DEVICE/App/usbd_desc.o
                0x0000000020000150                USBD_FS_DeviceDesc
 *fill*         0x0000000020000162        0x2 
 .data.USBD_LangIDDesc
                0x0000000020000164        0x4 ./USB_DEVICE/App/usbd_desc.o
                0x0000000020000164                USBD_LangIDDesc
 .data.USBD_StringSerial
                0x0000000020000168       0x1a ./USB_DEVICE/App/usbd_desc.o
                0x0000000020000168                USBD_StringSerial
 *(.RamFunc)
 *(.RamFunc*)
                0x0000000020000184                . = ALIGN (0x4)
 *fill*         0x0000000020000182        0x2 
                0x0000000020000184                _edata = .

.igot.plt       0x0000000020000184        0x0 load address 0x00000000080095c0
 .igot.plt      0x0000000020000184        0x0 c:/st/stm32cubeide_1.12.0/stm32cubeide/plugins/com.st.stm32cube.ide.mcu.externaltools.gnu-tools-for-stm32.10.3-2021.10.win32_1.0.200.202301161003/tools/bin/../lib/gcc/arm-none-eabi/10.3.1/thumb/v7-m/nofp/crtbegin.o
                0x0000000020000184                . = ALIGN (0x4)

.bss            0x0000000020000184     0x1408 load address 0x00000000080095c0
                0x0000000020000184                _sbss = .
                0x0000000020000184                __bss_start__ = _sbss
 *(.bss)
 .bss           0x0000000020000184       0x1c c:/st/stm32cubeide_1.12.0/stm32cubeide/plugins/com.st.stm32cube.ide.mcu.externaltools.gnu-tools-for-stm32.10.3-2021.10.win32_1.0.200.202301161003/tools/bin/../lib/gcc/arm-none-eabi/10.3.1/thumb/v7-m/nofp/crtbegin.o
 *(.bss*)
 .bss.DMD_1COLOR_MatrixBuff
                0x00000000200001a0       0x40 ./Core/Src/disp1color.o
                0x00000000200001a0                DMD_1COLOR_MatrixBuff
 .bss.DMD_1COLOR_Buff
                0x00000000200001e0       0x40 ./Core/Src/disp1color.o
                0x00000000200001e0                DMD_1COLOR_Buff
 .bss.disp1color_buff
                0x0000000020000220       0x40 ./Core/Src/disp1color.o
                0x0000000020000220                disp1color_buff
 .bss.data1     0x0000000020000260       0x10 ./Core/Src/disp1color.o
                0x0000000020000260                data1
 .bss.data2     0x0000000020000270       0x10 ./Core/Src/disp1color.o
                0x0000000020000270                data2
 .bss.data3     0x0000000020000280       0x10 ./Core/Src/disp1color.o
                0x0000000020000280                data3
 .bss.data4     0x0000000020000290       0x10 ./Core/Src/disp1color.o
                0x0000000020000290                data4
 .bss.hspi1     0x00000000200002a0       0x58 ./Core/Src/main.o
                0x00000000200002a0                hspi1
 .bss.htim1     0x00000000200002f8       0x48 ./Core/Src/main.o
                0x00000000200002f8                htim1
 .bss.htim4     0x0000000020000340       0x48 ./Core/Src/main.o
                0x0000000020000340                htim4
 .bss.buffer    0x0000000020000388        0x1 ./Core/Src/main.o
                0x0000000020000388                buffer
 *fill*         0x0000000020000389        0x3 
 .bss.ppp       0x000000002000038c        0x4 ./Core/Src/main.o
                0x000000002000038c                ppp
 .bss.hitbox1   0x0000000020000390       0x20 ./Core/Src/main.o
                0x0000000020000390                hitbox1
 .bss.uwTick    0x00000000200003b0        0x4 ./Drivers/STM32F1xx_HAL_Driver/Src/stm32f1xx_hal.o
                0x00000000200003b0                uwTick
 .bss.cfgidx.0  0x00000000200003b4        0x1 ./Middlewares/ST/STM32_USB_Device_Library/Core/Src/usbd_ctlreq.o
 *fill*         0x00000000200003b5        0x3 
 .bss.hUsbDeviceFS
                0x00000000200003b8      0x2c4 ./USB_DEVICE/App/usb_device.o
                0x00000000200003b8                hUsbDeviceFS
 .bss.UserRxBufferFS
                0x000000002000067c      0x400 ./USB_DEVICE/App/usbd_cdc_if.o
                0x000000002000067c                UserRxBufferFS
 .bss.UserTxBufferFS
                0x0000000020000a7c      0x400 ./USB_DEVICE/App/usbd_cdc_if.o
                0x0000000020000a7c                UserTxBufferFS
 .bss.USBD_StrDesc
                0x0000000020000e7c      0x200 ./USB_DEVICE/App/usbd_desc.o
                0x0000000020000e7c                USBD_StrDesc
 .bss.hpcd_USB_FS
                0x000000002000107c      0x2f0 ./USB_DEVICE/Target/usbd_conf.o
                0x000000002000107c                hpcd_USB_FS
 .bss.mem.0     0x000000002000136c      0x220 ./USB_DEVICE/Target/usbd_conf.o
 *(COMMON)
                0x000000002000158c                . = ALIGN (0x4)
                0x000000002000158c                _ebss = .
                0x000000002000158c                __bss_end__ = _ebss

._user_heap_stack
                0x000000002000158c      0x604 load address 0x00000000080095c0
                0x0000000020001590                . = ALIGN (0x8)
 *fill*         0x000000002000158c        0x4 
                [!provide]                        PROVIDE (end = .)
                0x0000000020001590                PROVIDE (_end = .)
                0x0000000020001790                . = (. + _Min_Heap_Size)
 *fill*         0x0000000020001590      0x200 
                0x0000000020001b90                . = (. + _Min_Stack_Size)
 *fill*         0x0000000020001790      0x400 
                0x0000000020001b90                . = ALIGN (0x8)

/DISCARD/
 libc.a(*)
 libm.a(*)
 libgcc.a(*)

.ARM.attributes
                0x0000000000000000       0x29
 *(.ARM.attributes)
 .ARM.attributes
                0x0000000000000000       0x1d c:/st/stm32cubeide_1.12.0/stm32cubeide/plugins/com.st.stm32cube.ide.mcu.externaltools.gnu-tools-for-stm32.10.3-2021.10.win32_1.0.200.202301161003/tools/bin/../lib/gcc/arm-none-eabi/10.3.1/thumb/v7-m/nofp/crti.o
 .ARM.attributes
                0x000000000000001d       0x2d c:/st/stm32cubeide_1.12.0/stm32cubeide/plugins/com.st.stm32cube.ide.mcu.externaltools.gnu-tools-for-stm32.10.3-2021.10.win32_1.0.200.202301161003/tools/bin/../lib/gcc/arm-none-eabi/10.3.1/thumb/v7-m/nofp/crtbegin.o
 .ARM.attributes
                0x000000000000004a       0x2d ./Core/Src/disp1color.o
 .ARM.attributes
                0x0000000000000077       0x2d ./Core/Src/main.o
 .ARM.attributes
                0x00000000000000a4       0x2d ./Core/Src/stm32f1xx_hal_msp.o
 .ARM.attributes
                0x00000000000000d1       0x2d ./Core/Src/stm32f1xx_it.o
 .ARM.attributes
                0x00000000000000fe       0x2d ./Core/Src/system_stm32f1xx.o
 .ARM.attributes
                0x000000000000012b       0x21 ./Core/Startup/startup_stm32f103c8tx.o
 .ARM.attributes
                0x000000000000014c       0x2d ./Drivers/STM32F1xx_HAL_Driver/Src/stm32f1xx_hal.o
 .ARM.attributes
                0x0000000000000179       0x2d ./Drivers/STM32F1xx_HAL_Driver/Src/stm32f1xx_hal_cortex.o
 .ARM.attributes
                0x00000000000001a6       0x2d ./Drivers/STM32F1xx_HAL_Driver/Src/stm32f1xx_hal_gpio.o
 .ARM.attributes
                0x00000000000001d3       0x2d ./Drivers/STM32F1xx_HAL_Driver/Src/stm32f1xx_hal_pcd.o
 .ARM.attributes
                0x0000000000000200       0x2d ./Drivers/STM32F1xx_HAL_Driver/Src/stm32f1xx_hal_pcd_ex.o
 .ARM.attributes
                0x000000000000022d       0x2d ./Drivers/STM32F1xx_HAL_Driver/Src/stm32f1xx_hal_rcc.o
 .ARM.attributes
                0x000000000000025a       0x2d ./Drivers/STM32F1xx_HAL_Driver/Src/stm32f1xx_hal_rcc_ex.o
 .ARM.attributes
                0x0000000000000287       0x2d ./Drivers/STM32F1xx_HAL_Driver/Src/stm32f1xx_hal_spi.o
 .ARM.attributes
                0x00000000000002b4       0x2d ./Drivers/STM32F1xx_HAL_Driver/Src/stm32f1xx_hal_tim.o
 .ARM.attributes
                0x00000000000002e1       0x2d ./Drivers/STM32F1xx_HAL_Driver/Src/stm32f1xx_hal_tim_ex.o
 .ARM.attributes
                0x000000000000030e       0x2d ./Drivers/STM32F1xx_HAL_Driver/Src/stm32f1xx_ll_usb.o
 .ARM.attributes
                0x000000000000033b       0x2d ./Middlewares/ST/STM32_USB_Device_Library/Class/CDC/Src/usbd_cdc.o
 .ARM.attributes
                0x0000000000000368       0x2d ./Middlewares/ST/STM32_USB_Device_Library/Core/Src/usbd_core.o
 .ARM.attributes
                0x0000000000000395       0x2d ./Middlewares/ST/STM32_USB_Device_Library/Core/Src/usbd_ctlreq.o
 .ARM.attributes
                0x00000000000003c2       0x2d ./Middlewares/ST/STM32_USB_Device_Library/Core/Src/usbd_ioreq.o
 .ARM.attributes
                0x00000000000003ef       0x2d ./USB_DEVICE/App/usb_device.o
 .ARM.attributes
                0x000000000000041c       0x2d ./USB_DEVICE/App/usbd_cdc_if.o
 .ARM.attributes
                0x0000000000000449       0x2d ./USB_DEVICE/App/usbd_desc.o
 .ARM.attributes
                0x0000000000000476       0x2d ./USB_DEVICE/Target/usbd_conf.o
 .ARM.attributes
                0x00000000000004a3       0x2d c:/st/stm32cubeide_1.12.0/stm32cubeide/plugins/com.st.stm32cube.ide.mcu.externaltools.gnu-tools-for-stm32.10.3-2021.10.win32_1.0.200.202301161003/tools/bin/../lib/gcc/arm-none-eabi/10.3.1/../../../../arm-none-eabi/lib/thumb/v7-m/nofp\libc_nano.a(lib_a-init.o)
 .ARM.attributes
                0x00000000000004d0       0x2d c:/st/stm32cubeide_1.12.0/stm32cubeide/plugins/com.st.stm32cube.ide.mcu.externaltools.gnu-tools-for-stm32.10.3-2021.10.win32_1.0.200.202301161003/tools/bin/../lib/gcc/arm-none-eabi/10.3.1/../../../../arm-none-eabi/lib/thumb/v7-m/nofp\libc_nano.a(lib_a-memcpy-stub.o)
 .ARM.attributes
                0x00000000000004fd       0x2d c:/st/stm32cubeide_1.12.0/stm32cubeide/plugins/com.st.stm32cube.ide.mcu.externaltools.gnu-tools-for-stm32.10.3-2021.10.win32_1.0.200.202301161003/tools/bin/../lib/gcc/arm-none-eabi/10.3.1/../../../../arm-none-eabi/lib/thumb/v7-m/nofp\libc_nano.a(lib_a-memset.o)
 .ARM.attributes
                0x000000000000052a       0x17 c:/st/stm32cubeide_1.12.0/stm32cubeide/plugins/com.st.stm32cube.ide.mcu.externaltools.gnu-tools-for-stm32.10.3-2021.10.win32_1.0.200.202301161003/tools/bin/../lib/gcc/arm-none-eabi/10.3.1/../../../../arm-none-eabi/lib/thumb/v7-m/nofp\libc_nano.a(lib_a-strlen.o)
 .ARM.attributes
                0x0000000000000541       0x1d c:/st/stm32cubeide_1.12.0/stm32cubeide/plugins/com.st.stm32cube.ide.mcu.externaltools.gnu-tools-for-stm32.10.3-2021.10.win32_1.0.200.202301161003/tools/bin/../lib/gcc/arm-none-eabi/10.3.1/thumb/v7-m/nofp\libgcc.a(_arm_addsubsf3.o)
 .ARM.attributes
                0x000000000000055e       0x1d c:/st/stm32cubeide_1.12.0/stm32cubeide/plugins/com.st.stm32cube.ide.mcu.externaltools.gnu-tools-for-stm32.10.3-2021.10.win32_1.0.200.202301161003/tools/bin/../lib/gcc/arm-none-eabi/10.3.1/thumb/v7-m/nofp\libgcc.a(_arm_fixsfsi.o)
 .ARM.attributes
                0x000000000000057b       0x1d c:/st/stm32cubeide_1.12.0/stm32cubeide/plugins/com.st.stm32cube.ide.mcu.externaltools.gnu-tools-for-stm32.10.3-2021.10.win32_1.0.200.202301161003/tools/bin/../lib/gcc/arm-none-eabi/10.3.1/thumb/v7-m/nofp/crtn.o
OUTPUT(Lab_2_vs.elf elf32-littlearm)
LOAD linker stubs
LOAD c:/st/stm32cubeide_1.12.0/stm32cubeide/plugins/com.st.stm32cube.ide.mcu.externaltools.gnu-tools-for-stm32.10.3-2021.10.win32_1.0.200.202301161003/tools/bin/../lib/gcc/arm-none-eabi/10.3.1/../../../../arm-none-eabi/lib/thumb/v7-m/nofp\libc.a
LOAD c:/st/stm32cubeide_1.12.0/stm32cubeide/plugins/com.st.stm32cube.ide.mcu.externaltools.gnu-tools-for-stm32.10.3-2021.10.win32_1.0.200.202301161003/tools/bin/../lib/gcc/arm-none-eabi/10.3.1/../../../../arm-none-eabi/lib/thumb/v7-m/nofp\libm.a
LOAD c:/st/stm32cubeide_1.12.0/stm32cubeide/plugins/com.st.stm32cube.ide.mcu.externaltools.gnu-tools-for-stm32.10.3-2021.10.win32_1.0.200.202301161003/tools/bin/../lib/gcc/arm-none-eabi/10.3.1/thumb/v7-m/nofp\libgcc.a

.debug_info     0x0000000000000000    0x149c4
 .debug_info    0x0000000000000000      0x9d6 ./Core/Src/disp1color.o
 .debug_info    0x00000000000009d6     0x1467 ./Core/Src/main.o
 .debug_info    0x0000000000001e3d      0xe34 ./Core/Src/stm32f1xx_hal_msp.o
 .debug_info    0x0000000000002c71      0xceb ./Core/Src/stm32f1xx_it.o
 .debug_info    0x000000000000395c      0x23d ./Core/Src/system_stm32f1xx.o
 .debug_info    0x0000000000003b99       0x22 ./Core/Startup/startup_stm32f103c8tx.o
 .debug_info    0x0000000000003bbb      0x734 ./Drivers/STM32F1xx_HAL_Driver/Src/stm32f1xx_hal.o
 .debug_info    0x00000000000042ef      0xb20 ./Drivers/STM32F1xx_HAL_Driver/Src/stm32f1xx_hal_cortex.o
 .debug_info    0x0000000000004e0f      0x615 ./Drivers/STM32F1xx_HAL_Driver/Src/stm32f1xx_hal_gpio.o
 .debug_info    0x0000000000005424     0x182e ./Drivers/STM32F1xx_HAL_Driver/Src/stm32f1xx_hal_pcd.o
 .debug_info    0x0000000000006c52      0x71a ./Drivers/STM32F1xx_HAL_Driver/Src/stm32f1xx_hal_pcd_ex.o
 .debug_info    0x000000000000736c      0x865 ./Drivers/STM32F1xx_HAL_Driver/Src/stm32f1xx_hal_rcc.o
 .debug_info    0x0000000000007bd1      0x3e6 ./Drivers/STM32F1xx_HAL_Driver/Src/stm32f1xx_hal_rcc_ex.o
 .debug_info    0x0000000000007fb7     0x165d ./Drivers/STM32F1xx_HAL_Driver/Src/stm32f1xx_hal_spi.o
 .debug_info    0x0000000000009614     0x2bab ./Drivers/STM32F1xx_HAL_Driver/Src/stm32f1xx_hal_tim.o
 .debug_info    0x000000000000c1bf     0x15c7 ./Drivers/STM32F1xx_HAL_Driver/Src/stm32f1xx_hal_tim_ex.o
 .debug_info    0x000000000000d786     0x18d8 ./Drivers/STM32F1xx_HAL_Driver/Src/stm32f1xx_ll_usb.o
 .debug_info    0x000000000000f05e     0x10e3 ./Middlewares/ST/STM32_USB_Device_Library/Class/CDC/Src/usbd_cdc.o
 .debug_info    0x0000000000010141      0xb02 ./Middlewares/ST/STM32_USB_Device_Library/Core/Src/usbd_core.o
 .debug_info    0x0000000000010c43      0x9b6 ./Middlewares/ST/STM32_USB_Device_Library/Core/Src/usbd_ctlreq.o
 .debug_info    0x00000000000115f9      0x715 ./Middlewares/ST/STM32_USB_Device_Library/Core/Src/usbd_ioreq.o
 .debug_info    0x0000000000011d0e      0x679 ./USB_DEVICE/App/usb_device.o
 .debug_info    0x0000000000012387      0x887 ./USB_DEVICE/App/usbd_cdc_if.o
 .debug_info    0x0000000000012c0e      0x484 ./USB_DEVICE/App/usbd_desc.o
 .debug_info    0x0000000000013092     0x1932 ./USB_DEVICE/Target/usbd_conf.o

.debug_abbrev   0x0000000000000000     0x3450
 .debug_abbrev  0x0000000000000000      0x23c ./Core/Src/disp1color.o
 .debug_abbrev  0x000000000000023c      0x313 ./Core/Src/main.o
 .debug_abbrev  0x000000000000054f      0x1e1 ./Core/Src/stm32f1xx_hal_msp.o
 .debug_abbrev  0x0000000000000730      0x1fb ./Core/Src/stm32f1xx_it.o
 .debug_abbrev  0x000000000000092b      0x13b ./Core/Src/system_stm32f1xx.o
 .debug_abbrev  0x0000000000000a66       0x12 ./Core/Startup/startup_stm32f103c8tx.o
 .debug_abbrev  0x0000000000000a78      0x1fb ./Drivers/STM32F1xx_HAL_Driver/Src/stm32f1xx_hal.o
 .debug_abbrev  0x0000000000000c73      0x2ed ./Drivers/STM32F1xx_HAL_Driver/Src/stm32f1xx_hal_cortex.o
 .debug_abbrev  0x0000000000000f60      0x1bb ./Drivers/STM32F1xx_HAL_Driver/Src/stm32f1xx_hal_gpio.o
 .debug_abbrev  0x000000000000111b      0x2c0 ./Drivers/STM32F1xx_HAL_Driver/Src/stm32f1xx_hal_pcd.o
 .debug_abbrev  0x00000000000013db      0x17f ./Drivers/STM32F1xx_HAL_Driver/Src/stm32f1xx_hal_pcd_ex.o
 .debug_abbrev  0x000000000000155a      0x2a8 ./Drivers/STM32F1xx_HAL_Driver/Src/stm32f1xx_hal_rcc.o
 .debug_abbrev  0x0000000000001802      0x182 ./Drivers/STM32F1xx_HAL_Driver/Src/stm32f1xx_hal_rcc_ex.o
 .debug_abbrev  0x0000000000001984      0x26e ./Drivers/STM32F1xx_HAL_Driver/Src/stm32f1xx_hal_spi.o
 .debug_abbrev  0x0000000000001bf2      0x264 ./Drivers/STM32F1xx_HAL_Driver/Src/stm32f1xx_hal_tim.o
 .debug_abbrev  0x0000000000001e56      0x26c ./Drivers/STM32F1xx_HAL_Driver/Src/stm32f1xx_hal_tim_ex.o
 .debug_abbrev  0x00000000000020c2      0x1d4 ./Drivers/STM32F1xx_HAL_Driver/Src/stm32f1xx_ll_usb.o
 .debug_abbrev  0x0000000000002296      0x2c0 ./Middlewares/ST/STM32_USB_Device_Library/Class/CDC/Src/usbd_cdc.o
 .debug_abbrev  0x0000000000002556      0x236 ./Middlewares/ST/STM32_USB_Device_Library/Core/Src/usbd_core.o
 .debug_abbrev  0x000000000000278c      0x257 ./Middlewares/ST/STM32_USB_Device_Library/Core/Src/usbd_ctlreq.o
 .debug_abbrev  0x00000000000029e3      0x183 ./Middlewares/ST/STM32_USB_Device_Library/Core/Src/usbd_ioreq.o
 .debug_abbrev  0x0000000000002b66      0x183 ./USB_DEVICE/App/usb_device.o
 .debug_abbrev  0x0000000000002ce9      0x268 ./USB_DEVICE/App/usbd_cdc_if.o
 .debug_abbrev  0x0000000000002f51      0x1fa ./USB_DEVICE/App/usbd_desc.o
 .debug_abbrev  0x000000000000314b      0x305 ./USB_DEVICE/Target/usbd_conf.o

.debug_aranges  0x0000000000000000     0x1260
 .debug_aranges
                0x0000000000000000       0x90 ./Core/Src/disp1color.o
 .debug_aranges
                0x0000000000000090       0x58 ./Core/Src/main.o
 .debug_aranges
                0x00000000000000e8       0x50 ./Core/Src/stm32f1xx_hal_msp.o
 .debug_aranges
                0x0000000000000138       0x70 ./Core/Src/stm32f1xx_it.o
 .debug_aranges
                0x00000000000001a8       0x28 ./Core/Src/system_stm32f1xx.o
 .debug_aranges
                0x00000000000001d0       0x28 ./Core/Startup/startup_stm32f103c8tx.o
 .debug_aranges
                0x00000000000001f8       0xe0 ./Drivers/STM32F1xx_HAL_Driver/Src/stm32f1xx_hal.o
 .debug_aranges
                0x00000000000002d8      0x100 ./Drivers/STM32F1xx_HAL_Driver/Src/stm32f1xx_hal_cortex.o
 .debug_aranges
                0x00000000000003d8       0x58 ./Drivers/STM32F1xx_HAL_Driver/Src/stm32f1xx_hal_gpio.o
 .debug_aranges
                0x0000000000000430      0x140 ./Drivers/STM32F1xx_HAL_Driver/Src/stm32f1xx_hal_pcd.o
 .debug_aranges
                0x0000000000000570       0x38 ./Drivers/STM32F1xx_HAL_Driver/Src/stm32f1xx_hal_pcd_ex.o
 .debug_aranges
                0x00000000000005a8       0x90 ./Drivers/STM32F1xx_HAL_Driver/Src/stm32f1xx_hal_rcc.o
 .debug_aranges
                0x0000000000000638       0x30 ./Drivers/STM32F1xx_HAL_Driver/Src/stm32f1xx_hal_rcc_ex.o
 .debug_aranges
                0x0000000000000668      0x1d0 ./Drivers/STM32F1xx_HAL_Driver/Src/stm32f1xx_hal_spi.o
 .debug_aranges
                0x0000000000000838      0x3d0 ./Drivers/STM32F1xx_HAL_Driver/Src/stm32f1xx_hal_tim.o
 .debug_aranges
                0x0000000000000c08      0x168 ./Drivers/STM32F1xx_HAL_Driver/Src/stm32f1xx_hal_tim_ex.o
 .debug_aranges
                0x0000000000000d70       0xf8 ./Drivers/STM32F1xx_HAL_Driver/Src/stm32f1xx_ll_usb.o
 .debug_aranges
                0x0000000000000e68       0x90 ./Middlewares/ST/STM32_USB_Device_Library/Class/CDC/Src/usbd_cdc.o
 .debug_aranges
                0x0000000000000ef8       0xb8 ./Middlewares/ST/STM32_USB_Device_Library/Core/Src/usbd_core.o
 .debug_aranges
                0x0000000000000fb0       0x88 ./Middlewares/ST/STM32_USB_Device_Library/Core/Src/usbd_ctlreq.o
 .debug_aranges
                0x0000000000001038       0x50 ./Middlewares/ST/STM32_USB_Device_Library/Core/Src/usbd_ioreq.o
 .debug_aranges
                0x0000000000001088       0x20 ./USB_DEVICE/App/usb_device.o
 .debug_aranges
                0x00000000000010a8       0x40 ./USB_DEVICE/App/usbd_cdc_if.o
 .debug_aranges
                0x00000000000010e8       0x60 ./USB_DEVICE/App/usbd_desc.o
 .debug_aranges
                0x0000000000001148      0x118 ./USB_DEVICE/Target/usbd_conf.o

.debug_ranges   0x0000000000000000     0x10d8
 .debug_ranges  0x0000000000000000       0x80 ./Core/Src/disp1color.o
 .debug_ranges  0x0000000000000080       0x48 ./Core/Src/main.o
 .debug_ranges  0x00000000000000c8       0x40 ./Core/Src/stm32f1xx_hal_msp.o
 .debug_ranges  0x0000000000000108       0x60 ./Core/Src/stm32f1xx_it.o
 .debug_ranges  0x0000000000000168       0x18 ./Core/Src/system_stm32f1xx.o
 .debug_ranges  0x0000000000000180       0x20 ./Core/Startup/startup_stm32f103c8tx.o
 .debug_ranges  0x00000000000001a0       0xd0 ./Drivers/STM32F1xx_HAL_Driver/Src/stm32f1xx_hal.o
 .debug_ranges  0x0000000000000270       0xf0 ./Drivers/STM32F1xx_HAL_Driver/Src/stm32f1xx_hal_cortex.o
 .debug_ranges  0x0000000000000360       0x48 ./Drivers/STM32F1xx_HAL_Driver/Src/stm32f1xx_hal_gpio.o
 .debug_ranges  0x00000000000003a8      0x130 ./Drivers/STM32F1xx_HAL_Driver/Src/stm32f1xx_hal_pcd.o
 .debug_ranges  0x00000000000004d8       0x28 ./Drivers/STM32F1xx_HAL_Driver/Src/stm32f1xx_hal_pcd_ex.o
 .debug_ranges  0x0000000000000500       0x80 ./Drivers/STM32F1xx_HAL_Driver/Src/stm32f1xx_hal_rcc.o
 .debug_ranges  0x0000000000000580       0x20 ./Drivers/STM32F1xx_HAL_Driver/Src/stm32f1xx_hal_rcc_ex.o
 .debug_ranges  0x00000000000005a0      0x1c0 ./Drivers/STM32F1xx_HAL_Driver/Src/stm32f1xx_hal_spi.o
 .debug_ranges  0x0000000000000760      0x3c0 ./Drivers/STM32F1xx_HAL_Driver/Src/stm32f1xx_hal_tim.o
 .debug_ranges  0x0000000000000b20      0x158 ./Drivers/STM32F1xx_HAL_Driver/Src/stm32f1xx_hal_tim_ex.o
 .debug_ranges  0x0000000000000c78       0xe8 ./Drivers/STM32F1xx_HAL_Driver/Src/stm32f1xx_ll_usb.o
 .debug_ranges  0x0000000000000d60       0x80 ./Middlewares/ST/STM32_USB_Device_Library/Class/CDC/Src/usbd_cdc.o
 .debug_ranges  0x0000000000000de0       0xa8 ./Middlewares/ST/STM32_USB_Device_Library/Core/Src/usbd_core.o
 .debug_ranges  0x0000000000000e88       0x78 ./Middlewares/ST/STM32_USB_Device_Library/Core/Src/usbd_ctlreq.o
 .debug_ranges  0x0000000000000f00       0x40 ./Middlewares/ST/STM32_USB_Device_Library/Core/Src/usbd_ioreq.o
 .debug_ranges  0x0000000000000f40       0x10 ./USB_DEVICE/App/usb_device.o
 .debug_ranges  0x0000000000000f50       0x30 ./USB_DEVICE/App/usbd_cdc_if.o
 .debug_ranges  0x0000000000000f80       0x50 ./USB_DEVICE/App/usbd_desc.o
 .debug_ranges  0x0000000000000fd0      0x108 ./USB_DEVICE/Target/usbd_conf.o

.debug_macro    0x0000000000000000    0x1b830
 .debug_macro   0x0000000000000000      0x25d ./Core/Src/disp1color.o
 .debug_macro   0x000000000000025d      0xa6c ./Core/Src/disp1color.o
 .debug_macro   0x0000000000000cc9       0x34 ./Core/Src/disp1color.o
 .debug_macro   0x0000000000000cfd       0x22 ./Core/Src/disp1color.o
 .debug_macro   0x0000000000000d1f       0x8e ./Core/Src/disp1color.o
 .debug_macro   0x0000000000000dad       0x51 ./Core/Src/disp1color.o
 .debug_macro   0x0000000000000dfe      0x103 ./Core/Src/disp1color.o
 .debug_macro   0x0000000000000f01       0x6a ./Core/Src/disp1color.o
 .debug_macro   0x0000000000000f6b      0x1df ./Core/Src/disp1color.o
 .debug_macro   0x000000000000114a      0x6ac ./Core/Src/disp1color.o
 .debug_macro   0x00000000000017f6       0x52 ./Core/Src/disp1color.o
 .debug_macro   0x0000000000001848       0x18 ./Core/Src/disp1color.o
 .debug_macro   0x0000000000001860       0x3c ./Core/Src/disp1color.o
 .debug_macro   0x000000000000189c       0x34 ./Core/Src/disp1color.o
 .debug_macro   0x00000000000018d0       0x16 ./Core/Src/disp1color.o
 .debug_macro   0x00000000000018e6       0x97 ./Core/Src/disp1color.o
 .debug_macro   0x000000000000197d      0x341 ./Core/Src/disp1color.o
 .debug_macro   0x0000000000001cbe       0xfd ./Core/Src/disp1color.o
 .debug_macro   0x0000000000001dbb       0x10 ./Core/Src/disp1color.o
 .debug_macro   0x0000000000001dcb       0x16 ./Core/Src/disp1color.o
 .debug_macro   0x0000000000001de1       0x43 ./Core/Src/disp1color.o
 .debug_macro   0x0000000000001e24       0x34 ./Core/Src/disp1color.o
 .debug_macro   0x0000000000001e58       0x10 ./Core/Src/disp1color.o
 .debug_macro   0x0000000000001e68       0x58 ./Core/Src/disp1color.o
 .debug_macro   0x0000000000001ec0       0x71 ./Core/Src/disp1color.o
 .debug_macro   0x0000000000001f31       0x1c ./Core/Src/disp1color.o
 .debug_macro   0x0000000000001f4d      0x12a ./Core/Src/disp1color.o
 .debug_macro   0x0000000000002077       0x10 ./Core/Src/disp1color.o
 .debug_macro   0x0000000000002087       0x1c ./Core/Src/disp1color.o
 .debug_macro   0x00000000000020a3       0x52 ./Core/Src/disp1color.o
 .debug_macro   0x00000000000020f5       0x22 ./Core/Src/disp1color.o
 .debug_macro   0x0000000000002117       0x10 ./Core/Src/disp1color.o
 .debug_macro   0x0000000000002127       0x52 ./Core/Src/disp1color.o
 .debug_macro   0x0000000000002179       0xd5 ./Core/Src/disp1color.o
 .debug_macro   0x000000000000224e       0x1c ./Core/Src/disp1color.o
 .debug_macro   0x000000000000226a       0x3d ./Core/Src/disp1color.o
 .debug_macro   0x00000000000022a7       0x16 ./Core/Src/disp1color.o
 .debug_macro   0x00000000000022bd      0x145 ./Core/Src/disp1color.o
 .debug_macro   0x0000000000002402       0x16 ./Core/Src/disp1color.o
 .debug_macro   0x0000000000002418       0x35 ./Core/Src/disp1color.o
 .debug_macro   0x000000000000244d       0x16 ./Core/Src/disp1color.o
 .debug_macro   0x0000000000002463       0x29 ./Core/Src/disp1color.o
 .debug_macro   0x000000000000248c       0x4c ./Core/Src/disp1color.o
 .debug_macro   0x00000000000024d8       0x16 ./Core/Src/disp1color.o
 .debug_macro   0x00000000000024ee       0x20 ./Core/Src/disp1color.o
 .debug_macro   0x000000000000250e       0x10 ./Core/Src/disp1color.o
 .debug_macro   0x000000000000251e       0x5e ./Core/Src/disp1color.o
 .debug_macro   0x000000000000257c      0x47f ./Core/Src/main.o
 .debug_macro   0x00000000000029fb      0x221 ./Core/Src/main.o
 .debug_macro   0x0000000000002c1c       0x2e ./Core/Src/main.o
 .debug_macro   0x0000000000002c4a       0x22 ./Core/Src/main.o
 .debug_macro   0x0000000000002c6c       0x1c ./Core/Src/main.o
 .debug_macro   0x0000000000002c88       0x22 ./Core/Src/main.o
 .debug_macro   0x0000000000002caa       0xbd ./Core/Src/main.o
 .debug_macro   0x0000000000002d67      0xd23 ./Core/Src/main.o
 .debug_macro   0x0000000000003a8a     0xe09e ./Core/Src/main.o
 .debug_macro   0x0000000000011b28       0x6d ./Core/Src/main.o
 .debug_macro   0x0000000000011b95     0x348d ./Core/Src/main.o
 .debug_macro   0x0000000000015022      0x174 ./Core/Src/main.o
 .debug_macro   0x0000000000015196       0x5c ./Core/Src/main.o
 .debug_macro   0x00000000000151f2      0x5bc ./Core/Src/main.o
 .debug_macro   0x00000000000157ae      0x289 ./Core/Src/main.o
 .debug_macro   0x0000000000015a37      0x1cb ./Core/Src/main.o
 .debug_macro   0x0000000000015c02      0x114 ./Core/Src/main.o
 .debug_macro   0x0000000000015d16      0x1b2 ./Core/Src/main.o
 .debug_macro   0x0000000000015ec8       0x27 ./Core/Src/main.o
 .debug_macro   0x0000000000015eef      0x136 ./Core/Src/main.o
 .debug_macro   0x0000000000016025      0x1bc ./Core/Src/main.o
 .debug_macro   0x00000000000161e1       0x34 ./Core/Src/main.o
 .debug_macro   0x0000000000016215       0x3c ./Core/Src/main.o
 .debug_macro   0x0000000000016251       0x57 ./Core/Src/main.o
 .debug_macro   0x00000000000162a8       0x87 ./Core/Src/main.o
 .debug_macro   0x000000000001632f      0x240 ./Core/Src/main.o
 .debug_macro   0x000000000001656f      0x140 ./Core/Src/main.o
 .debug_macro   0x00000000000166af      0x217 ./Core/Src/main.o
 .debug_macro   0x00000000000168c6      0x8ed ./Core/Src/main.o
 .debug_macro   0x00000000000171b3       0xab ./Core/Src/main.o
 .debug_macro   0x000000000001725e      0x242 ./Core/Src/main.o
 .debug_macro   0x00000000000174a0       0x83 ./Core/Src/main.o
 .debug_macro   0x0000000000017523       0x34 ./Core/Src/main.o
 .debug_macro   0x0000000000017557       0x5f ./Core/Src/main.o
 .debug_macro   0x00000000000175b6      0x1c8 ./Core/Src/main.o
 .debug_macro   0x000000000001777e       0x8f ./Core/Src/main.o
 .debug_macro   0x000000000001780d       0x10 ./Core/Src/main.o
 .debug_macro   0x000000000001781d      0x19b ./Core/Src/main.o
 .debug_macro   0x00000000000179b8       0x16 ./Core/Src/main.o
 .debug_macro   0x00000000000179ce       0x10 ./Core/Src/main.o
 .debug_macro   0x00000000000179de       0x41 ./Core/Src/main.o
 .debug_macro   0x0000000000017a1f      0x1d6 ./Core/Src/stm32f1xx_hal_msp.o
 .debug_macro   0x0000000000017bf5      0x407 ./Core/Src/stm32f1xx_it.o
 .debug_macro   0x0000000000017ffc      0x1c7 ./Core/Src/system_stm32f1xx.o
 .debug_macro   0x00000000000181c3      0x1eb ./Drivers/STM32F1xx_HAL_Driver/Src/stm32f1xx_hal.o
 .debug_macro   0x00000000000183ae      0x1c7 ./Drivers/STM32F1xx_HAL_Driver/Src/stm32f1xx_hal_cortex.o
 .debug_macro   0x0000000000018575      0x232 ./Drivers/STM32F1xx_HAL_Driver/Src/stm32f1xx_hal_gpio.o
 .debug_macro   0x00000000000187a7      0x1d3 ./Drivers/STM32F1xx_HAL_Driver/Src/stm32f1xx_hal_pcd.o
 .debug_macro   0x000000000001897a      0x1c7 ./Drivers/STM32F1xx_HAL_Driver/Src/stm32f1xx_hal_pcd_ex.o
 .debug_macro   0x0000000000018b41      0x1d9 ./Drivers/STM32F1xx_HAL_Driver/Src/stm32f1xx_hal_rcc.o
 .debug_macro   0x0000000000018d1a      0x1c7 ./Drivers/STM32F1xx_HAL_Driver/Src/stm32f1xx_hal_rcc_ex.o
 .debug_macro   0x0000000000018ee1      0x1cf ./Drivers/STM32F1xx_HAL_Driver/Src/stm32f1xx_hal_spi.o
 .debug_macro   0x00000000000190b0      0x1c8 ./Drivers/STM32F1xx_HAL_Driver/Src/stm32f1xx_hal_tim.o
 .debug_macro   0x0000000000019278      0x1c7 ./Drivers/STM32F1xx_HAL_Driver/Src/stm32f1xx_hal_tim_ex.o
 .debug_macro   0x000000000001943f      0x1c7 ./Drivers/STM32F1xx_HAL_Driver/Src/stm32f1xx_ll_usb.o
 .debug_macro   0x0000000000019606      0x3ec ./Middlewares/ST/STM32_USB_Device_Library/Class/CDC/Src/usbd_cdc.o
 .debug_macro   0x00000000000199f2       0x56 ./Middlewares/ST/STM32_USB_Device_Library/Class/CDC/Src/usbd_cdc.o
 .debug_macro   0x0000000000019a48      0x3d3 ./Middlewares/ST/STM32_USB_Device_Library/Core/Src/usbd_core.o
 .debug_macro   0x0000000000019e1b      0x1ce ./Middlewares/ST/STM32_USB_Device_Library/Core/Src/usbd_core.o
 .debug_macro   0x0000000000019fe9      0x3dd ./Middlewares/ST/STM32_USB_Device_Library/Core/Src/usbd_ctlreq.o
 .debug_macro   0x000000000001a3c6      0x3d9 ./Middlewares/ST/STM32_USB_Device_Library/Core/Src/usbd_ioreq.o
 .debug_macro   0x000000000001a79f      0x40c ./USB_DEVICE/App/usb_device.o
 .debug_macro   0x000000000001abab       0x3a ./USB_DEVICE/App/usb_device.o
 .debug_macro   0x000000000001abe5       0x22 ./USB_DEVICE/App/usb_device.o
 .debug_macro   0x000000000001ac07       0x16 ./USB_DEVICE/App/usb_device.o
 .debug_macro   0x000000000001ac1d      0x3f7 ./USB_DEVICE/App/usbd_cdc_if.o
 .debug_macro   0x000000000001b014      0x410 ./USB_DEVICE/App/usbd_desc.o
 .debug_macro   0x000000000001b424       0x1c ./USB_DEVICE/App/usbd_desc.o
 .debug_macro   0x000000000001b440      0x3f0 ./USB_DEVICE/Target/usbd_conf.o

.debug_line     0x0000000000000000    0x15f4a
 .debug_line    0x0000000000000000      0xbc0 ./Core/Src/disp1color.o
 .debug_line    0x0000000000000bc0      0xddc ./Core/Src/main.o
 .debug_line    0x000000000000199c      0x786 ./Core/Src/stm32f1xx_hal_msp.o
 .debug_line    0x0000000000002122      0xaf2 ./Core/Src/stm32f1xx_it.o
 .debug_line    0x0000000000002c14      0x73e ./Core/Src/system_stm32f1xx.o
 .debug_line    0x0000000000003352       0x86 ./Core/Startup/startup_stm32f103c8tx.o
 .debug_line    0x00000000000033d8      0x96b ./Drivers/STM32F1xx_HAL_Driver/Src/stm32f1xx_hal.o
 .debug_line    0x0000000000003d43      0xb53 ./Drivers/STM32F1xx_HAL_Driver/Src/stm32f1xx_hal_cortex.o
 .debug_line    0x0000000000004896      0xa04 ./Drivers/STM32F1xx_HAL_Driver/Src/stm32f1xx_hal_gpio.o
 .debug_line    0x000000000000529a     0x139c ./Drivers/STM32F1xx_HAL_Driver/Src/stm32f1xx_hal_pcd.o
 .debug_line    0x0000000000006636      0x739 ./Drivers/STM32F1xx_HAL_Driver/Src/stm32f1xx_hal_pcd_ex.o
 .debug_line    0x0000000000006d6f      0xd77 ./Drivers/STM32F1xx_HAL_Driver/Src/stm32f1xx_hal_rcc.o
 .debug_line    0x0000000000007ae6      0x8b2 ./Drivers/STM32F1xx_HAL_Driver/Src/stm32f1xx_hal_rcc_ex.o
 .debug_line    0x0000000000008398     0x1bec ./Drivers/STM32F1xx_HAL_Driver/Src/stm32f1xx_hal_spi.o
 .debug_line    0x0000000000009f84     0x33f6 ./Drivers/STM32F1xx_HAL_Driver/Src/stm32f1xx_hal_tim.o
 .debug_line    0x000000000000d37a     0x18c1 ./Drivers/STM32F1xx_HAL_Driver/Src/stm32f1xx_hal_tim_ex.o
 .debug_line    0x000000000000ec3b     0x1020 ./Drivers/STM32F1xx_HAL_Driver/Src/stm32f1xx_ll_usb.o
 .debug_line    0x000000000000fc5b      0xd4c ./Middlewares/ST/STM32_USB_Device_Library/Class/CDC/Src/usbd_cdc.o
 .debug_line    0x00000000000109a7      0xdcc ./Middlewares/ST/STM32_USB_Device_Library/Core/Src/usbd_core.o
 .debug_line    0x0000000000011773      0xfee ./Middlewares/ST/STM32_USB_Device_Library/Core/Src/usbd_ctlreq.o
 .debug_line    0x0000000000012761      0xa62 ./Middlewares/ST/STM32_USB_Device_Library/Core/Src/usbd_ioreq.o
 .debug_line    0x00000000000131c3      0xa22 ./USB_DEVICE/App/usb_device.o
 .debug_line    0x0000000000013be5      0xa73 ./USB_DEVICE/App/usbd_cdc_if.o
 .debug_line    0x0000000000014658      0xaeb ./USB_DEVICE/App/usbd_desc.o
 .debug_line    0x0000000000015143      0xe07 ./USB_DEVICE/Target/usbd_conf.o

.debug_str      0x0000000000000000    0x908ef
 .debug_str     0x0000000000000000     0x9032 ./Core/Src/disp1color.o
                                       0x92c9 (size before relaxing)
 .debug_str     0x0000000000009032    0x8379c ./Core/Src/main.o
                                      0x8c88f (size before relaxing)
 .debug_str     0x000000000008c7ce      0x39e ./Core/Src/stm32f1xx_hal_msp.o
                                      0x861f8 (size before relaxing)
 .debug_str     0x000000000008cb6c      0x422 ./Core/Src/stm32f1xx_it.o
                                      0x8ab99 (size before relaxing)
 .debug_str     0x000000000008cf8e       0x7e ./Core/Src/system_stm32f1xx.o
                                      0x856d7 (size before relaxing)
 .debug_str     0x000000000008d00c       0x36 ./Core/Startup/startup_stm32f103c8tx.o
                                         0x72 (size before relaxing)
 .debug_str     0x000000000008d042      0x37a ./Drivers/STM32F1xx_HAL_Driver/Src/stm32f1xx_hal.o
                                      0x85e0a (size before relaxing)
 .debug_str     0x000000000008d3bc      0x26c ./Drivers/STM32F1xx_HAL_Driver/Src/stm32f1xx_hal_cortex.o
                                      0x85d56 (size before relaxing)
 .debug_str     0x000000000008d628      0x2d3 ./Drivers/STM32F1xx_HAL_Driver/Src/stm32f1xx_hal_gpio.o
                                      0x85a5d (size before relaxing)
 .debug_str     0x000000000008d8fb      0x5bd ./Drivers/STM32F1xx_HAL_Driver/Src/stm32f1xx_hal_pcd.o
                                      0x85fe9 (size before relaxing)
 .debug_str     0x000000000008deb8      0x170 ./Drivers/STM32F1xx_HAL_Driver/Src/stm32f1xx_hal_pcd_ex.o
                                      0x85b4b (size before relaxing)
 .debug_str     0x000000000008e028      0x229 ./Drivers/STM32F1xx_HAL_Driver/Src/stm32f1xx_hal_rcc.o
                                      0x85b06 (size before relaxing)
 .debug_str     0x000000000008e251       0x9f ./Drivers/STM32F1xx_HAL_Driver/Src/stm32f1xx_hal_rcc_ex.o
                                      0x85856 (size before relaxing)
 .debug_str     0x000000000008e2f0      0x54f ./Drivers/STM32F1xx_HAL_Driver/Src/stm32f1xx_hal_spi.o
                                      0x86003 (size before relaxing)
 .debug_str     0x000000000008e83f      0xd6d ./Drivers/STM32F1xx_HAL_Driver/Src/stm32f1xx_hal_tim.o
                                      0x86af8 (size before relaxing)
 .debug_str     0x000000000008f5ac      0x3e1 ./Drivers/STM32F1xx_HAL_Driver/Src/stm32f1xx_hal_tim_ex.o
                                      0x86314 (size before relaxing)
 .debug_str     0x000000000008f98d      0x129 ./Drivers/STM32F1xx_HAL_Driver/Src/stm32f1xx_ll_usb.o
                                      0x85b9d (size before relaxing)
 .debug_str     0x000000000008fab6      0x63c ./Middlewares/ST/STM32_USB_Device_Library/Class/CDC/Src/usbd_cdc.o
                                      0x8ac89 (size before relaxing)
 .debug_str     0x00000000000900f2      0x281 ./Middlewares/ST/STM32_USB_Device_Library/Core/Src/usbd_core.o
                                      0x8a5c4 (size before relaxing)
 .debug_str     0x0000000000090373      0x120 ./Middlewares/ST/STM32_USB_Device_Library/Core/Src/usbd_ctlreq.o
                                      0x8a4de (size before relaxing)
 .debug_str     0x0000000000090493       0x51 ./Middlewares/ST/STM32_USB_Device_Library/Core/Src/usbd_ioreq.o
                                      0x8a40b (size before relaxing)
 .debug_str     0x00000000000904e4       0xc6 ./USB_DEVICE/App/usb_device.o
                                      0x8a796 (size before relaxing)
 .debug_str     0x00000000000905aa       0x7d ./USB_DEVICE/App/usbd_cdc_if.o
                                      0x8a7d1 (size before relaxing)
 .debug_str     0x0000000000090627      0x255 ./USB_DEVICE/App/usbd_desc.o
                                      0x8a344 (size before relaxing)
 .debug_str     0x000000000009087c       0x73 ./USB_DEVICE/Target/usbd_conf.o
                                      0x8b216 (size before relaxing)

.comment        0x0000000000000000       0x50
 .comment       0x0000000000000000       0x50 ./Core/Src/disp1color.o
                                         0x51 (size before relaxing)
 .comment       0x0000000000000050       0x51 ./Core/Src/main.o
 .comment       0x0000000000000050       0x51 ./Core/Src/stm32f1xx_hal_msp.o
 .comment       0x0000000000000050       0x51 ./Core/Src/stm32f1xx_it.o
 .comment       0x0000000000000050       0x51 ./Core/Src/system_stm32f1xx.o
 .comment       0x0000000000000050       0x51 ./Drivers/STM32F1xx_HAL_Driver/Src/stm32f1xx_hal.o
 .comment       0x0000000000000050       0x51 ./Drivers/STM32F1xx_HAL_Driver/Src/stm32f1xx_hal_cortex.o
 .comment       0x0000000000000050       0x51 ./Drivers/STM32F1xx_HAL_Driver/Src/stm32f1xx_hal_gpio.o
 .comment       0x0000000000000050       0x51 ./Drivers/STM32F1xx_HAL_Driver/Src/stm32f1xx_hal_pcd.o
 .comment       0x0000000000000050       0x51 ./Drivers/STM32F1xx_HAL_Driver/Src/stm32f1xx_hal_pcd_ex.o
 .comment       0x0000000000000050       0x51 ./Drivers/STM32F1xx_HAL_Driver/Src/stm32f1xx_hal_rcc.o
 .comment       0x0000000000000050       0x51 ./Drivers/STM32F1xx_HAL_Driver/Src/stm32f1xx_hal_rcc_ex.o
 .comment       0x0000000000000050       0x51 ./Drivers/STM32F1xx_HAL_Driver/Src/stm32f1xx_hal_spi.o
 .comment       0x0000000000000050       0x51 ./Drivers/STM32F1xx_HAL_Driver/Src/stm32f1xx_hal_tim.o
 .comment       0x0000000000000050       0x51 ./Drivers/STM32F1xx_HAL_Driver/Src/stm32f1xx_hal_tim_ex.o
 .comment       0x0000000000000050       0x51 ./Drivers/STM32F1xx_HAL_Driver/Src/stm32f1xx_ll_usb.o
 .comment       0x0000000000000050       0x51 ./Middlewares/ST/STM32_USB_Device_Library/Class/CDC/Src/usbd_cdc.o
 .comment       0x0000000000000050       0x51 ./Middlewares/ST/STM32_USB_Device_Library/Core/Src/usbd_core.o
 .comment       0x0000000000000050       0x51 ./Middlewares/ST/STM32_USB_Device_Library/Core/Src/usbd_ctlreq.o