../Core/Src/main.c:85:6:disp_row	24	static
../Core/Src/main.c:145:6:draw_snake	24	static
../Core/Src/main.c:169:6:input	16	static
../Core/Src/main.c:183:6:update	16	static
../Core/Src/main.c:243:5:main	448	static
../Core/Src/main.c:336:6:SystemClock_Config	88	static
../Core/Src/main.c:378:13:MX_ADC3_Init	24	static
../Core/Src/main.c:430:13:MX_SPI1_Init	8	static
../Core/Src/main.c:468:13:MX_TIM2_Init	48	static
../Core/Src/main.c:516:13:MX_GPIO_Init	40	static
../Core/Src/main.c:559:6:Error_Handler	4	static,ignoring_inline_asm
